   Compiling serde_core v1.0.229
   Compiling proc-macro2 v1.0.107
   Compiling quote v1.0.47
   Compiling syn v3.0.6
   Compiling serde v1.0.229
   Compiling serde_json v1.0.151
   Compiling winnow v1.0.4
   Compiling serde_derive v1.0.229
   Compiling toml_parser v1.1.3+spec-1.1.0
   Compiling libsqlite3-sys v0.38.2
   Compiling serde_spanned v1.1.1
   Compiling toml_datetime v1.1.1+spec-1.1.0
   Compiling memchr v2.8.3
   Compiling smallvec v1.16.2
   Compiling toml_writer v1.1.2+spec-1.1.0
   Compiling toml v1.1.6+spec-1.1.0
   Compiling rusqlite v0.40.2
   Compiling unicode-ident v1.0.26
   Compiling nagic v0.1.11 (/workspace/Nagi-docs-onboarding/compiler)
    Finished `release` profile [optimized] target(s) in 1m 08s
