2026-10-07T23:58:00.7661217Z Current runner version: '2.337.0'
2026-10-07T23:58:00.7700581Z ##[group]Runner Image Provisioner
2026-10-07T23:58:00.7701816Z Hosted Compute Agent
2026-10-07T23:58:00.7702840Z Version: 20261002.596
2026-10-07T23:58:00.7704032Z Commit: c3d12f3313a95f25162a1503be624f3b0617f8c0
2026-10-07T23:58:00.7705307Z Build Date: 2026-10-02T22:28:27Z
2026-10-07T23:58:00.7706527Z Worker ID: {c52a7e56-5108-4a6e-8d58-899bbde0db6c}
2026-10-07T23:58:00.7707733Z Region: eastus2
2026-10-07T23:58:00.7708730Z Cloud: Azure
2026-10-07T23:58:00.7709941Z ##[endgroup]
2026-10-07T23:58:00.7712567Z ##[group]Operating System
2026-10-07T23:58:00.7713605Z Ubuntu
2026-10-07T23:58:00.7714416Z 24.04.5
2026-10-07T23:58:00.7715375Z LTS
2026-10-07T23:58:00.7716278Z ##[endgroup]
2026-10-07T23:58:00.7717134Z ##[group]Runner Image
2026-10-07T23:58:00.7718251Z Image: ubuntu-24.04
2026-10-07T23:58:00.7719207Z Version: 20261004.327.1
2026-10-07T23:58:00.7721698Z Included Software: https://github.com/actions/runner-images/blob/ubuntu24/20261004.327/images/ubuntu/Ubuntu2404-Readme.md
2026-10-07T23:58:00.7724405Z Image Release: https://github.com/actions/runner-images/releases/tag/ubuntu24%2F20261004.327
2026-10-07T23:58:00.7726186Z ##[endgroup]
2026-10-07T23:58:00.7728024Z ##[group]GITHUB_TOKEN Permissions
2026-10-07T23:58:00.7731266Z Contents: read
2026-10-07T23:58:00.7732259Z Metadata: read
2026-10-07T23:58:00.7733397Z ##[endgroup]
2026-10-07T23:58:00.7736468Z Secret source: Actions
2026-10-07T23:58:00.7737979Z Cache mode: write
2026-10-07T23:58:00.7739230Z Prepare workflow directory
2026-10-07T23:58:00.8214425Z Prepare all required actions
2026-10-07T23:58:00.8285955Z Getting action download info
2026-10-07T23:58:01.0533318Z Download action repository 'actions/checkout@v4' (SHA:11d5960a326750d5838078e36cf38b85af677262)
2026-10-07T23:58:01.1653492Z Download action repository 'actions/setup-python@v5' (SHA:a26af69be951a213d495a4c3e4e4022e16d87065)
2026-10-07T23:58:01.3527887Z Complete job name: release-plan
2026-10-07T23:58:01.4311337Z ##[group]Run actions/checkout@v4
2026-10-07T23:58:01.4312456Z with:
2026-10-07T23:58:01.4312907Z   fetch-depth: 0
2026-10-07T23:58:01.4313391Z   repository: disnana/Nagi
2026-10-07T23:58:01.4317207Z   token: ***
2026-10-07T23:58:01.4317660Z   ssh-strict: true
2026-10-07T23:58:01.4318135Z   ssh-user: git
2026-10-07T23:58:01.4318602Z   persist-credentials: true
2026-10-07T23:58:01.4319110Z   clean: true
2026-10-07T23:58:01.4319766Z   sparse-checkout-cone-mode: true
2026-10-07T23:58:01.4320318Z   fetch-tags: false
2026-10-07T23:58:01.4320770Z   show-progress: true
2026-10-07T23:58:01.4321229Z   lfs: false
2026-10-07T23:58:01.4321657Z   submodules: false
2026-10-07T23:58:01.4322116Z   set-safe-directory: true
2026-10-07T23:58:01.4322638Z   allow-unsafe-pr-checkout: false
2026-10-07T23:58:01.4323481Z ##[endgroup]
2026-10-07T23:58:01.5403389Z Syncing repository: disnana/Nagi
2026-10-07T23:58:01.5405994Z ##[group]Getting Git version info
2026-10-07T23:58:01.5407130Z Working directory is '/home/runner/work/Nagi/Nagi'
2026-10-07T23:58:01.5408689Z [command]/usr/bin/git version
2026-10-07T23:58:01.5494836Z git version 2.55.0
2026-10-07T23:58:01.5520315Z ##[endgroup]
2026-10-07T23:58:01.5536275Z Temporarily overriding HOME='/home/runner/work/_temp/d3b73a6b-eabd-4e3d-a3c9-b1b7e4704e21' before making global git config changes
2026-10-07T23:58:01.5538945Z Adding repository directory to the temporary git global config as a safe directory
2026-10-07T23:58:01.5541889Z [command]/usr/bin/git config --global --add safe.directory /home/runner/work/Nagi/Nagi
2026-10-07T23:58:01.5596362Z Deleting the contents of '/home/runner/work/Nagi/Nagi'
2026-10-07T23:58:01.5601506Z ##[group]Initializing the repository
2026-10-07T23:58:01.5605156Z [command]/usr/bin/git init /home/runner/work/Nagi/Nagi
2026-10-07T23:58:01.5727864Z hint: Using 'master' as the name for the initial branch. This default branch name
2026-10-07T23:58:01.5729810Z hint: will change to "main" in Git 3.0. To configure the initial branch name
2026-10-07T23:58:01.5732452Z hint: to use in all of your new repositories, which will suppress this warning,
2026-10-07T23:58:01.5734231Z hint: call:
2026-10-07T23:58:01.5734867Z hint:
2026-10-07T23:58:01.5735665Z hint: 	git config --global init.defaultBranch <name>
2026-10-07T23:58:01.5736652Z hint:
2026-10-07T23:58:01.5737581Z hint: Names commonly chosen instead of 'master' are 'main', 'trunk' and
2026-10-07T23:58:01.5739082Z hint: 'development'. The just-created branch can be renamed via this command:
2026-10-07T23:58:01.5740551Z hint:
2026-10-07T23:58:01.5741213Z hint: 	git branch -m <name>
2026-10-07T23:58:01.5742013Z hint:
2026-10-07T23:58:01.5743013Z hint: Disable this message with "git config set advice.defaultBranchName false"
2026-10-07T23:58:01.5744747Z Initialized empty Git repository in /home/runner/work/Nagi/Nagi/.git/
2026-10-07T23:58:01.5748417Z [command]/usr/bin/git remote add origin https://github.com/disnana/Nagi
2026-10-07T23:58:01.5799762Z ##[endgroup]
2026-10-07T23:58:01.5801280Z ##[group]Disabling automatic garbage collection
2026-10-07T23:58:01.5803501Z [command]/usr/bin/git config --local gc.auto 0
2026-10-07T23:58:01.5837910Z ##[endgroup]
2026-10-07T23:58:01.5839166Z ##[group]Setting up auth
2026-10-07T23:58:01.5845641Z [command]/usr/bin/git config --local --name-only --get-regexp core\.sshCommand
2026-10-07T23:58:01.5889098Z [command]/usr/bin/git submodule foreach --recursive sh -c "git config --local --name-only --get-regexp 'core\.sshCommand' && git config --local --unset-all 'core.sshCommand' || :"
2026-10-07T23:58:01.6282916Z [command]/usr/bin/git config --local --name-only --get-regexp http\.https\:\/\/github\.com\/\.extraheader
2026-10-07T23:58:01.6320765Z [command]/usr/bin/git submodule foreach --recursive sh -c "git config --local --name-only --get-regexp 'http\.https\:\/\/github\.com\/\.extraheader' && git config --local --unset-all 'http.https://github.com/.extraheader' || :"
2026-10-07T23:58:01.6553254Z [command]/usr/bin/git config --local --name-only --get-regexp ^includeIf\.gitdir:
2026-10-07T23:58:01.6594907Z [command]/usr/bin/git submodule foreach --recursive git config --local --show-origin --name-only --get-regexp remote.origin.url
2026-10-07T23:58:01.6832572Z [command]/usr/bin/git config --local http.https://github.com/.extraheader AUTHORIZATION: basic ***
2026-10-07T23:58:01.6874445Z ##[endgroup]
2026-10-07T23:58:01.6875838Z ##[group]Fetching the repository
2026-10-07T23:58:01.6884949Z [command]/usr/bin/git -c protocol.version=2 fetch --prune --no-recurse-submodules origin +refs/heads/*:refs/remotes/origin/* +refs/tags/*:refs/tags/*
2026-10-07T23:58:03.0404340Z From https://github.com/disnana/Nagi
2026-10-07T23:58:03.0406151Z  * [new branch]      chore/remove-legacy-source-zip -> origin/chore/remove-legacy-source-zip
2026-10-07T23:58:03.0407513Z  * [new branch]      ci/docs-only-checks     -> origin/ci/docs-only-checks
2026-10-07T23:58:03.0408736Z  * [new branch]      ci/required-merge-checks -> origin/ci/required-merge-checks
2026-10-07T23:58:03.0410988Z  * [new branch]      design/compiler-rust-boundary-plan -> origin/design/compiler-rust-boundary-plan
2026-10-07T23:58:03.0412556Z  * [new branch]      docs/contribution-security -> origin/docs/contribution-security
2026-10-07T23:58:03.0413798Z  * [new branch]      docs/first-app-and-contributing -> origin/docs/first-app-and-contributing
2026-10-07T23:58:03.0415026Z  * [new branch]      docs/http-capacity      -> origin/docs/http-capacity
2026-10-07T23:58:03.0416090Z  * [new branch]      docs/json-wire-behavior -> origin/docs/json-wire-behavior
2026-10-07T23:58:03.0417381Z  * [new branch]      docs/language-purpose-and-contracts -> origin/docs/language-purpose-and-contracts
2026-10-07T23:58:03.0418678Z  * [new branch]      docs/library-samples    -> origin/docs/library-samples
2026-10-07T23:58:03.0420382Z  * [new branch]      docs/python-guide-design-contracts -> origin/docs/python-guide-design-contracts
2026-10-07T23:58:03.0421848Z  * [new branch]      docs/recovery-worker-correction -> origin/docs/recovery-worker-correction
2026-10-07T23:58:03.0423411Z  * [new branch]      docs/task-release-0.1.11-published -> origin/docs/task-release-0.1.11-published
2026-10-07T23:58:03.0425457Z  * [new branch]      docs/value-task-implementation-plan -> origin/docs/value-task-implementation-plan
2026-10-07T23:58:03.0427044Z  * [new branch]      feat/bilingual-pages-and-releases -> origin/feat/bilingual-pages-and-releases
2026-10-07T23:58:03.0428349Z  * [new branch]      feat/development-agent-routing -> origin/feat/development-agent-routing
2026-10-07T23:58:03.0429842Z  * [new branch]      feat/docs-website       -> origin/feat/docs-website
2026-10-07T23:58:03.0431811Z  * [new branch]      feat/editor-inferred-types -> origin/feat/editor-inferred-types
2026-10-07T23:58:03.0433762Z  * [new branch]      feat/editor-local-definitions -> origin/feat/editor-local-definitions
2026-10-07T23:58:03.0435259Z  * [new branch]      feat/explicit-move-contract -> origin/feat/explicit-move-contract
2026-10-07T23:58:03.0436892Z  * [new branch]      feat/http-stdlib        -> origin/feat/http-stdlib
2026-10-07T23:58:03.0438590Z  * [new branch]      feat/jetbrains-nagi     -> origin/feat/jetbrains-nagi
2026-10-07T23:58:03.0440626Z  * [new branch]      feat/jetbrains-release-pipeline -> origin/feat/jetbrains-release-pipeline
2026-10-07T23:58:03.0442516Z  * [new branch]      feat/module-imports     -> origin/feat/module-imports
2026-10-07T23:58:03.0444141Z  * [new branch]      feat/native-supervisor  -> origin/feat/native-supervisor
2026-10-07T23:58:03.0445813Z  * [new branch]      feat/runtime-usability  -> origin/feat/runtime-usability
2026-10-07T23:58:03.0447630Z  * [new branch]      feat/sqlite-acquire-budget -> origin/feat/sqlite-acquire-budget
2026-10-07T23:58:03.0450315Z  * [new branch]      feat/sqlite-multiconnection-observer -> origin/feat/sqlite-multiconnection-observer
2026-10-07T23:58:03.0453197Z  * [new branch]      feat/sqlite-pool-adapter -> origin/feat/sqlite-pool-adapter
2026-10-07T23:58:03.0455517Z  * [new branch]      feat/sqlite-public-pool -> origin/feat/sqlite-public-pool
2026-10-07T23:58:03.0457800Z  * [new branch]      feat/sqlite-transaction-foundation -> origin/feat/sqlite-transaction-foundation
2026-10-07T23:58:03.0460390Z  * [new branch]      feat/task-result-bridge-stage1 -> origin/feat/task-result-bridge-stage1
2026-10-07T23:58:03.0462806Z  * [new branch]      feat/task-service-result-propagation -> origin/feat/task-service-result-propagation
2026-10-07T23:58:03.0464884Z  * [new branch]      feat/typed-errors       -> origin/feat/typed-errors
2026-10-07T23:58:03.0466701Z  * [new branch]      fix/application-readiness -> origin/fix/application-readiness
2026-10-07T23:58:03.0468785Z  * [new branch]      fix/backend-boundary-foundation -> origin/fix/backend-boundary-foundation
2026-10-07T23:58:03.0474825Z  * [new branch]      fix/borrow-and-builtin-contracts -> origin/fix/borrow-and-builtin-contracts
2026-10-07T23:58:03.0476817Z  * [new branch]      fix/build-generation-isolation -> origin/fix/build-generation-isolation
2026-10-07T23:58:03.0478741Z  * [new branch]      fix/check-build-foundation -> origin/fix/check-build-foundation
2026-10-07T23:58:03.0480655Z  * [new branch]      fix/check-consistency   -> origin/fix/check-consistency
2026-10-07T23:58:03.0481818Z  * [new branch]      fix/compiler-contract-stability -> origin/fix/compiler-contract-stability
2026-10-07T23:58:03.0482977Z  * [new branch]      fix/compiler-production-checks -> origin/fix/compiler-production-checks
2026-10-07T23:58:03.0484065Z  * [new branch]      fix/custom-domain-assets -> origin/fix/custom-domain-assets
2026-10-07T23:58:03.0485040Z  * [new branch]      fix/diagnostic-consistency -> origin/fix/diagnostic-consistency
2026-10-07T23:58:03.0486106Z  * [new branch]      fix/docs-readability-followup -> origin/fix/docs-readability-followup
2026-10-07T23:58:03.0487204Z  * [new branch]      fix/docs-sidebar-preferences -> origin/fix/docs-sidebar-preferences
2026-10-07T23:58:03.0488221Z  * [new branch]      fix/docs-usability      -> origin/fix/docs-usability
2026-10-07T23:58:03.0489147Z  * [new branch]      fix/editor-indentation  -> origin/fix/editor-indentation
2026-10-07T23:58:03.0490861Z  * [new branch]      fix/f32-literal-range   -> origin/fix/f32-literal-range
2026-10-07T23:58:03.0492219Z  * [new branch]      fix/frontend-contracts-after-feedback -> origin/fix/frontend-contracts-after-feedback
2026-10-07T23:58:03.0494000Z  * [new branch]      fix/http-request-wait-timeout -> origin/fix/http-request-wait-timeout
2026-10-07T23:58:03.0495689Z  * [new branch]      fix/installer-messages  -> origin/fix/installer-messages
2026-10-07T23:58:03.0496747Z  * [new branch]      fix/installer-upgrades  -> origin/fix/installer-upgrades
2026-10-07T23:58:03.0497737Z  * [new branch]      fix/iterator-borrow-check -> origin/fix/iterator-borrow-check
2026-10-07T23:58:03.0498835Z  * [new branch]      fix/language-contract-hardening -> origin/fix/language-contract-hardening
2026-10-07T23:58:03.0500201Z  * [new branch]      fix/language-contracts  -> origin/fix/language-contracts
2026-10-07T23:58:03.0501189Z  * [new branch]      fix/language-readiness-next -> origin/fix/language-readiness-next
2026-10-07T23:58:03.0502126Z  * [new branch]      fix/loop-ownership      -> origin/fix/loop-ownership
2026-10-07T23:58:03.0502964Z  * [new branch]      fix/low-authoring       -> origin/fix/low-authoring
2026-10-07T23:58:03.0503879Z  * [new branch]      fix/nagi-build-diagnostics -> origin/fix/nagi-build-diagnostics
2026-10-07T23:58:03.0504826Z  * [new branch]      fix/output-type-checks  -> origin/fix/output-type-checks
2026-10-07T23:58:03.0505914Z  * [new branch]      fix/owned-result-discard -> origin/fix/owned-result-discard
2026-10-07T23:58:03.0507691Z  * [new branch]      fix/ownership-contracts -> origin/fix/ownership-contracts
2026-10-07T23:58:03.0509204Z  * [new branch]      fix/ownership-field-moves -> origin/fix/ownership-field-moves
2026-10-07T23:58:03.0511026Z  * [new branch]      fix/owning-view-flow    -> origin/fix/owning-view-flow
2026-10-07T23:58:03.0513004Z  * [new branch]      fix/portable-release-installation -> origin/fix/portable-release-installation
2026-10-07T23:58:03.0514871Z  * [new branch]      fix/post-release-readiness -> origin/fix/post-release-readiness
2026-10-07T23:58:03.0516539Z  * [new branch]      fix/readiness-followups -> origin/fix/readiness-followups
2026-10-07T23:58:03.0518415Z  * [new branch]      fix/readiness-followups-main -> origin/fix/readiness-followups-main
2026-10-07T23:58:03.0520511Z  * [new branch]      fix/release-created-id  -> origin/fix/release-created-id
2026-10-07T23:58:03.0522100Z  * [new branch]      fix/release-draft-lookup -> origin/fix/release-draft-lookup
2026-10-07T23:58:03.0524068Z  * [new branch]      fix/release-runtime-cache -> origin/fix/release-runtime-cache
2026-10-07T23:58:03.0525934Z  * [new branch]      fix/resolved-call-identifiers -> origin/fix/resolved-call-identifiers
2026-10-07T23:58:03.0527921Z  * [new branch]      fix/runtime-and-ownership -> origin/fix/runtime-and-ownership
2026-10-07T23:58:03.0530372Z  * [new branch]      fix/signed-minimum-literals -> origin/fix/signed-minimum-literals
2026-10-07T23:58:03.0532198Z  * [new branch]      fix/source-filename-package -> origin/fix/source-filename-package
2026-10-07T23:58:03.0533310Z  * [new branch]      fix/static-callback-views -> origin/fix/static-callback-views
2026-10-07T23:58:03.0534271Z  * [new branch]      fix/static-callbacks-main -> origin/fix/static-callbacks-main
2026-10-07T23:58:03.0535382Z  * [new branch]      fix/static-review-frontend-contracts -> origin/fix/static-review-frontend-contracts
2026-10-07T23:58:03.0536575Z  * [new branch]      fix/task-conditional-consumption -> origin/fix/task-conditional-consumption
2026-10-07T23:58:03.0537641Z  * [new branch]      fix/tasks-checkbox-error -> origin/fix/tasks-checkbox-error
2026-10-07T23:58:03.0538583Z  * [new branch]      fix/view-flow-foundation -> origin/fix/view-flow-foundation
2026-10-07T23:58:03.0540170Z  * [new branch]      fix/vscode-0.1.11-release-notes -> origin/fix/vscode-0.1.11-release-notes
2026-10-07T23:58:03.0542158Z  * [new branch]      fix/vsix-package-metadata -> origin/fix/vsix-package-metadata
2026-10-07T23:58:03.0544232Z  * [new branch]      fix/vsix-publisher      -> origin/fix/vsix-publisher
2026-10-07T23:58:03.0545727Z  * [new branch]      main                    -> origin/main
2026-10-07T23:58:03.0547633Z  * [new branch]      perf/actions-cache-and-parallel-builds -> origin/perf/actions-cache-and-parallel-builds
2026-10-07T23:58:03.0550296Z  * [new branch]      refactor/checked-program-boundary -> origin/refactor/checked-program-boundary
2026-10-07T23:58:03.0552610Z  * [new branch]      refactor/resource-contract-foundation -> origin/refactor/resource-contract-foundation
2026-10-07T23:58:03.0554649Z  * [new branch]      release/0.1.8           -> origin/release/0.1.8
2026-10-07T23:58:03.0556389Z  * [new branch]      release/core-and-vscode-polish -> origin/release/core-and-vscode-polish
2026-10-07T23:58:03.0558191Z  * [new branch]      release/jetbrains-0.1.1 -> origin/release/jetbrains-0.1.1
2026-10-07T23:58:03.0559902Z  * [new branch]      release/nagi-0.1.11     -> origin/release/nagi-0.1.11
2026-10-07T23:58:03.0561576Z  * [new branch]      release/nagi-0.1.7-vscode-0.1.9 -> origin/release/nagi-0.1.7-vscode-0.1.9
2026-10-07T23:58:03.0563613Z  * [new branch]      test/task-spawn-post94  -> origin/test/task-spawn-post94
2026-10-07T23:58:03.0565118Z  * [new tag]         jetbrains-v0.1.1        -> jetbrains-v0.1.1
2026-10-07T23:58:03.0566332Z  * [new tag]         nagi-v0.1.10            -> nagi-v0.1.10
2026-10-07T23:58:03.0567486Z  * [new tag]         nagi-v0.1.11            -> nagi-v0.1.11
2026-10-07T23:58:03.0568443Z  * [new tag]         nagi-v0.1.2             -> nagi-v0.1.2
2026-10-07T23:58:03.0569152Z  * [new tag]         nagi-v0.1.3             -> nagi-v0.1.3
2026-10-07T23:58:03.0570121Z  * [new tag]         nagi-v0.1.4             -> nagi-v0.1.4
2026-10-07T23:58:03.0570821Z  * [new tag]         nagi-v0.1.5             -> nagi-v0.1.5
2026-10-07T23:58:03.0571718Z  * [new tag]         nagi-v0.1.6             -> nagi-v0.1.6
2026-10-07T23:58:03.0572425Z  * [new tag]         nagi-v0.1.7             -> nagi-v0.1.7
2026-10-07T23:58:03.0573177Z  * [new tag]         nagi-v0.1.8             -> nagi-v0.1.8
2026-10-07T23:58:03.0574001Z  * [new tag]         nagi-v0.1.9             -> nagi-v0.1.9
2026-10-07T23:58:03.0575366Z  * [new tag]         vscode-v0.1.10          -> vscode-v0.1.10
2026-10-07T23:58:03.0576855Z  * [new tag]         vscode-v0.1.12          -> vscode-v0.1.12
2026-10-07T23:58:03.0577781Z  * [new tag]         vscode-v0.1.13          -> vscode-v0.1.13
2026-10-07T23:58:03.0578576Z  * [new tag]         vscode-v0.1.8           -> vscode-v0.1.8
2026-10-07T23:58:03.0579366Z  * [new tag]         vscode-v0.1.9           -> vscode-v0.1.9
2026-10-07T23:58:03.0581798Z [command]/usr/bin/git branch --list --remote origin/feat/sqlite-public-pool
2026-10-07T23:58:03.0582799Z   origin/feat/sqlite-public-pool
2026-10-07T23:58:03.0584353Z [command]/usr/bin/git rev-parse refs/remotes/origin/feat/sqlite-public-pool
2026-10-07T23:58:03.0585280Z f4166ee4a243d19556902767a3f14c6506a8798f
2026-10-07T23:58:03.0586969Z ##[endgroup]
2026-10-07T23:58:03.0587859Z ##[group]Determining the checkout info
2026-10-07T23:58:03.0588880Z ##[endgroup]
2026-10-07T23:58:03.0589749Z [command]/usr/bin/git sparse-checkout disable
2026-10-07T23:58:03.0625056Z [command]/usr/bin/git config --local --unset-all extensions.worktreeConfig
2026-10-07T23:58:03.0661472Z ##[group]Checking out the ref
2026-10-07T23:58:03.0665517Z [command]/usr/bin/git checkout --progress --force -B feat/sqlite-public-pool refs/remotes/origin/feat/sqlite-public-pool
2026-10-07T23:58:03.2824271Z Switched to a new branch 'feat/sqlite-public-pool'
2026-10-07T23:58:03.2831411Z branch 'feat/sqlite-public-pool' set up to track 'origin/feat/sqlite-public-pool'.
2026-10-07T23:58:03.2850823Z ##[endgroup]
2026-10-07T23:58:03.2898499Z [command]/usr/bin/git log -1 --format=%H
2026-10-07T23:58:03.2928199Z f4166ee4a243d19556902767a3f14c6506a8798f
2026-10-07T23:58:03.3373033Z ##[group]Run actions/setup-python@v5
2026-10-07T23:58:03.3374487Z with:
2026-10-07T23:58:03.3375734Z   python-version: 3.12
2026-10-07T23:58:03.3376916Z   check-latest: false
2026-10-07T23:58:03.3387654Z   token: ***
2026-10-07T23:58:03.3388707Z   update-environment: true
2026-10-07T23:58:03.3390080Z   allow-prereleases: false
2026-10-07T23:58:03.3391272Z   freethreaded: false
2026-10-07T23:58:03.3392310Z ##[endgroup]
2026-10-07T23:58:03.4737233Z ##[group]Installed versions
2026-10-07T23:58:03.4880434Z (node:2312) [DEP0040] DeprecationWarning: The `punycode` module is deprecated. Please use a userland alternative instead.
2026-10-07T23:58:03.4884305Z (Use `node --trace-deprecation ...` to show where the warning was created)
2026-10-07T23:58:03.4886902Z Successfully set up CPython (3.12.15)
2026-10-07T23:58:03.4890370Z ##[endgroup]
2026-10-07T23:58:03.5142318Z ##[group]Run python -m unittest discover -s scripts/releases -p 'test_*.py'
2026-10-07T23:58:03.5145753Z [36;1mpython -m unittest discover -s scripts/releases -p 'test_*.py'[0m
2026-10-07T23:58:03.5472027Z shell: /usr/bin/bash -e {0}
2026-10-07T23:58:03.5473461Z env:
2026-10-07T23:58:03.5474927Z   pythonLocation: /opt/hostedtoolcache/Python/3.12.15/x64
2026-10-07T23:58:03.5477409Z   PKG_CONFIG_PATH: /opt/hostedtoolcache/Python/3.12.15/x64/lib/pkgconfig
2026-10-07T23:58:03.5480066Z   Python_ROOT_DIR: /opt/hostedtoolcache/Python/3.12.15/x64
2026-10-07T23:58:03.5482063Z   Python2_ROOT_DIR: /opt/hostedtoolcache/Python/3.12.15/x64
2026-10-07T23:58:03.5483748Z   Python3_ROOT_DIR: /opt/hostedtoolcache/Python/3.12.15/x64
2026-10-07T23:58:03.5485453Z   LD_LIBRARY_PATH: /opt/hostedtoolcache/Python/3.12.15/x64/lib
2026-10-07T23:58:03.5486907Z ##[endgroup]
2026-10-07T23:58:12.6624278Z ....................................................................................................................
2026-10-07T23:58:12.6625161Z ----------------------------------------------------------------------
2026-10-07T23:58:12.6625589Z Ran 116 tests in 8.478s
2026-10-07T23:58:12.6625772Z 
2026-10-07T23:58:12.6625869Z OK
2026-10-07T23:58:12.6626666Z Already published and verified; keeping existing assets: jetbrains-v0.1.8 (aaaaaaaaaaaaaaaaaaaaaaaaaaaaaaaaaaaaaaaa)
2026-10-07T23:58:12.6627681Z Verified formal release: jetbrains-v0.1.8 (aaaaaaaaaaaaaaaaaaaaaaaaaaaaaaaaaaaaaaaa)
2026-10-07T23:58:12.6628421Z Verified formal release: jetbrains-v0.1.8 (aaaaaaaaaaaaaaaaaaaaaaaaaaaaaaaaaaaaaaaa)
2026-10-07T23:58:12.6629135Z Verified formal release: vscode-v0.1.6 (aaaaaaaaaaaaaaaaaaaaaaaaaaaaaaaaaaaaaaaa)
2026-10-07T23:58:12.6630155Z Verified formal release: vscode-v0.1.6 (aaaaaaaaaaaaaaaaaaaaaaaaaaaaaaaaaaaaaaaa)
2026-10-07T23:58:12.6630842Z Verified formal release: vscode-v0.1.6 (aaaaaaaaaaaaaaaaaaaaaaaaaaaaaaaaaaaaaaaa)
2026-10-07T23:58:12.6631524Z Verified formal release: vscode-v0.1.6 (aaaaaaaaaaaaaaaaaaaaaaaaaaaaaaaaaaaaaaaa)
2026-10-07T23:58:12.6632260Z Verified formal release: nagi-v0.1.1 (aaaaaaaaaaaaaaaaaaaaaaaaaaaaaaaaaaaaaaaa)
2026-10-07T23:58:12.6632966Z Verified formal release: nagi-v0.2.1 (aaaaaaaaaaaaaaaaaaaaaaaaaaaaaaaaaaaaaaaa)
2026-10-07T23:58:12.6633844Z Already published and verified; keeping existing assets: vscode-v0.1.6 (aaaaaaaaaaaaaaaaaaaaaaaaaaaaaaaaaaaaaaaa)
2026-10-07T23:58:12.6634707Z Verified formal release: nagi-v0.1.8 (9d9b2d5a93d16cf9d245dd78b7f00ceb7c171a66)
2026-10-07T23:58:12.6635403Z Verified formal release: vscode-v0.1.10 (9d9b2d5a93d16cf9d245dd78b7f00ceb7c171a66)
2026-10-07T23:58:12.6636089Z Verified formal release: nagi-v0.1.8 (9d9b2d5a93d16cf9d245dd78b7f00ceb7c171a66)
2026-10-07T23:58:12.6636767Z Verified formal release: vscode-v0.1.10 (9d9b2d5a93d16cf9d245dd78b7f00ceb7c171a66)
2026-10-07T23:58:12.6637465Z Verified formal release: nagi-v0.1.8 (9d9b2d5a93d16cf9d245dd78b7f00ceb7c171a66)
2026-10-07T23:58:12.6638326Z Already published and verified; keeping existing assets: vscode-v0.1.10 (9d9b2d5a93d16cf9d245dd78b7f00ceb7c171a66)
2026-10-07T23:58:12.6639185Z Verified formal release: vscode-v0.1.10 (9d9b2d5a93d16cf9d245dd78b7f00ceb7c171a66)
2026-10-07T23:58:12.6640314Z Verified SQL engine: extracted compiler, offline schema, bad columns/binds, Nagi locations, no Cargo/runtime
2026-10-07T23:58:12.6641625Z Verified SQLite Pool/Tx: extracted runtime, High and independent saved Low, typed parameters, commit/rollback/close
2026-10-07T23:58:12.6642831Z Verified Task handles: extracted compiler/runtime, High/saved Low/handwritten Low, receive/discard, nested business Err, early ownership diagnostics
2026-10-07T23:58:12.6856026Z ##[group]Run python scripts/releases/plan.py --base "$RELEASE_BASE" --head "$RELEASE_HEAD" --output "$GITHUB_OUTPUT"
2026-10-07T23:58:12.6856915Z [36;1mpython scripts/releases/plan.py --base "$RELEASE_BASE" --head "$RELEASE_HEAD" --output "$GITHUB_OUTPUT"[0m
2026-10-07T23:58:12.6924141Z shell: /usr/bin/bash -e {0}
2026-10-07T23:58:12.6924432Z env:
2026-10-07T23:58:12.6924746Z   pythonLocation: /opt/hostedtoolcache/Python/3.12.15/x64
2026-10-07T23:58:12.6925275Z   PKG_CONFIG_PATH: /opt/hostedtoolcache/Python/3.12.15/x64/lib/pkgconfig
2026-10-07T23:58:12.6925796Z   Python_ROOT_DIR: /opt/hostedtoolcache/Python/3.12.15/x64
2026-10-07T23:58:12.6926268Z   Python2_ROOT_DIR: /opt/hostedtoolcache/Python/3.12.15/x64
2026-10-07T23:58:12.6926725Z   Python3_ROOT_DIR: /opt/hostedtoolcache/Python/3.12.15/x64
2026-10-07T23:58:12.6927186Z   LD_LIBRARY_PATH: /opt/hostedtoolcache/Python/3.12.15/x64/lib
2026-10-07T23:58:12.6927645Z   RELEASE_BASE: e3e0ea3962bd847a9ffdaef4fdabb7598844459f
2026-10-07T23:58:12.6928099Z   RELEASE_HEAD: f4166ee4a243d19556902767a3f14c6506a8798f
2026-10-07T23:58:12.6928454Z ##[endgroup]
2026-10-07T23:58:12.7520367Z fatal: Needed a single revision
2026-10-07T23:58:12.7522855Z Traceback (most recent call last):
2026-10-07T23:58:12.7532413Z   File "/home/runner/work/Nagi/Nagi/scripts/releases/plan.py", line 97, in <module>
2026-10-07T23:58:12.7533118Z     main()
2026-10-07T23:58:12.7533691Z   File "/home/runner/work/Nagi/Nagi/scripts/releases/plan.py", line 89, in main
2026-10-07T23:58:12.7534315Z     result = plan(args.base, args.head)
2026-10-07T23:58:12.7534701Z              ^^^^^^^^^^^^^^^^^^^^^^^^^^
2026-10-07T23:58:12.7535258Z   File "/home/runner/work/Nagi/Nagi/scripts/releases/plan.py", line 45, in plan
2026-10-07T23:58:12.7535766Z     base = git("rev-parse", "--verify", f"{base}^{{commit}}").strip()
2026-10-07T23:58:12.7536140Z            ^^^^^^^^^^^^^^^^^^^^^^^^^^^^^^^^^^^^^^^^^^^^^^^^^^
2026-10-07T23:58:12.7536613Z   File "/home/runner/work/Nagi/Nagi/scripts/releases/plan.py", line 17, in git
2026-10-07T23:58:12.7537133Z     return subprocess.check_output(["git", *args], cwd=ROOT).decode("utf-8")
2026-10-07T23:58:12.7537535Z            ^^^^^^^^^^^^^^^^^^^^^^^^^^^^^^^^^^^^^^^^^^^^^^^^^
2026-10-07T23:58:12.7538063Z   File "/opt/hostedtoolcache/Python/3.12.15/x64/lib/python3.12/subprocess.py", line 466, in check_output
2026-10-07T23:58:12.7636283Z     return run(*popenargs, stdout=PIPE, timeout=timeout, check=True,
2026-10-07T23:58:12.7637235Z            ^^^^^^^^^^^^^^^^^^^^^^^^^^^^^^^^^^^^^^^^^^^^^^^^^^^^^^^^^
2026-10-07T23:58:12.7638046Z   File "/opt/hostedtoolcache/Python/3.12.15/x64/lib/python3.12/subprocess.py", line 571, in run
2026-10-07T23:58:12.7678906Z     raise CalledProcessError(retcode, process.args,
2026-10-07T23:58:12.7680454Z subprocess.CalledProcessError: Command '['git', 'rev-parse', '--verify', 'e3e0ea3962bd847a9ffdaef4fdabb7598844459f^{commit}']' returned non-zero exit status 128.
2026-10-07T23:58:12.7763002Z ##[error]Process completed with exit code 1.
2026-10-07T23:58:12.7925378Z Post job cleanup.
2026-10-07T23:58:12.8816333Z [command]/usr/bin/git version
2026-10-07T23:58:12.8859329Z git version 2.55.0
2026-10-07T23:58:12.8903142Z Temporarily overriding HOME='/home/runner/work/_temp/1af33525-ef57-411f-8eb8-d542ee858938' before making global git config changes
2026-10-07T23:58:12.8904891Z Adding repository directory to the temporary git global config as a safe directory
2026-10-07T23:58:12.8909961Z [command]/usr/bin/git config --global --add safe.directory /home/runner/work/Nagi/Nagi
2026-10-07T23:58:12.8952692Z [command]/usr/bin/git config --local --name-only --get-regexp core\.sshCommand
2026-10-07T23:58:12.8990094Z [command]/usr/bin/git submodule foreach --recursive sh -c "git config --local --name-only --get-regexp 'core\.sshCommand' && git config --local --unset-all 'core.sshCommand' || :"
2026-10-07T23:58:12.9254757Z [command]/usr/bin/git config --local --name-only --get-regexp http\.https\:\/\/github\.com\/\.extraheader
2026-10-07T23:58:12.9289997Z http.https://github.com/.extraheader
2026-10-07T23:58:12.9303225Z [command]/usr/bin/git config --local --unset-all http.https://github.com/.extraheader
2026-10-07T23:58:12.9340504Z [command]/usr/bin/git submodule foreach --recursive sh -c "git config --local --name-only --get-regexp 'http\.https\:\/\/github\.com\/\.extraheader' && git config --local --unset-all 'http.https://github.com/.extraheader' || :"
2026-10-07T23:58:12.9642873Z [command]/usr/bin/git config --local --name-only --get-regexp ^includeIf\.gitdir:
2026-10-07T23:58:12.9687196Z [command]/usr/bin/git submodule foreach --recursive git config --local --show-origin --name-only --get-regexp remote.origin.url
2026-10-07T23:58:13.0102490Z Evaluate and set job outputs
2026-10-07T23:58:13.0113871Z Cleaning up orphan processes
2026-10-07T23:58:13.0551508Z ##[warning]Node.js 20 is deprecated. The following actions target Node.js 20 but are being forced to run on Node.js 24: actions/checkout@v4, actions/setup-python@v5. For more information see: https://github.blog/changelog/2025-09-19-deprecation-of-node-20-on-github-actions-runners/
