Passed: stock-report (high)
Passed: stock-report (low)
Passed: device-settings (high)
Passed: device-settings (low)
Passed: seat-reservations (high)
Passed: seat-reservations (low)
Passed: file-json (high)
Passed: file-json (low)
Passed: quote-api (high)
Passed: quote-api (low)
Passed: supervised-worker (high)
Passed: supervised-worker (low)
Passed: byte-inspector (high)
Passed: byte-inspector (low)
Passed: axum-service (high)
Passed: axum-service (low)
Passed: auth-boundary (high)
Passed: auth-boundary (low)
Passed: order-quote (low)
{"projects": 10, "runs": 19, "status": "passed"}
