   Compiling libc v0.2.189
   Compiling bytes v1.12.1
   Compiling pin-project-lite v0.2.17
   Compiling itoa v1.0.18
   Compiling errno v0.3.14
   Compiling futures-core v0.3.34
   Compiling signal-hook-registry v1.4.8
   Compiling http v1.5.0
   Compiling mio v1.2.3
   Compiling socket2 v0.6.5
   Compiling cfg-if v1.0.5
   Compiling typenum v1.20.1
   Compiling tokio v1.53.1
   Compiling generic-array v0.14.7
   Compiling zerocopy v0.8.59
   Compiling getrandom v0.3.4
   Compiling log v0.4.34
   Compiling rand_core v0.9.5
   Compiling ppv-lite86 v0.2.21
   Compiling httparse v1.10.1
   Compiling serde_core v1.0.229
   Compiling block-buffer v0.10.4
   Compiling crypto-common v0.1.7
   Compiling http-body v1.1.0
   Compiling once_cell v1.21.4
   Compiling tracing-core v0.1.36
   Compiling digest v0.10.7
   Compiling rand_chacha v0.9.0
   Compiling futures-task v0.3.34
   Compiling slab v0.4.12
   Compiling tower-service v0.3.3
   Compiling smallvec v1.16.2
   Compiling cpufeatures v0.2.17
   Compiling futures-sink v0.3.34
   Compiling futures-util v0.3.34
   Compiling sha1 v0.10.7
   Compiling thiserror v2.0.21
   Compiling rand v0.9.5
   Compiling tracing v0.1.44
   Compiling futures-channel v0.3.34
   Compiling tower-layer v0.3.3
   Compiling percent-encoding v2.3.2
   Compiling atomic-waker v1.1.2
   Compiling sync_wrapper v1.0.2
   Compiling httpdate v1.0.3
   Compiling data-encoding v2.11.1
   Compiling foldhash v0.2.0
   Compiling hashbrown v0.17.1
   Compiling tungstenite v0.29.0
   Compiling hyper v1.11.1
   Compiling form_urlencoded v1.2.2
   Compiling serde v1.0.229
   Compiling zmij v1.0.23
   Compiling http-body-util v0.1.5
   Compiling mime v0.3.17
   Compiling memchr v2.8.3
   Compiling ryu v1.0.23
   Compiling serde_urlencoded v0.7.1
   Compiling serde_json v1.0.151
   Compiling axum-core v0.5.6
   Compiling libsqlite3-sys v0.38.2
   Compiling hyper-util v0.1.21
   Compiling tokio-tungstenite v0.29.0
   Compiling hashlink v0.12.2
   Compiling tower v0.5.3
   Compiling serde_path_to_error v0.1.20
   Compiling deadpool-runtime v0.3.1
   Compiling base64 v0.22.1
   Compiling bitflags v2.13.2
   Compiling fallible-streaming-iterator v0.1.9
   Compiling fallible-iterator v0.3.0
   Compiling matchit v0.8.4
   Compiling rusqlite v0.40.2
   Compiling axum v0.8.9
   Compiling deadpool v0.13.1
   Compiling bumpalo v3.20.3
   Compiling nagi-runtime v0.1.10 (/workspace/Nagi/runtime)
   Compiling nagi-s1-independent-public-review v0.0.0 (/tmp/nagi-s1-independent-review/public-counterexamples)
    Finished `release` profile [optimized] target(s) in 1m 02s
     Running `/tmp/nagi-container-flow-target/release/fault-retirement-cost`
items=128 mode=sticky_receive raw_ns=[46289, 47292, 44671]
items=128 mode=sticky_discard raw_ns=[17147, 16087, 15989]
items=1024 mode=sticky_receive raw_ns=[1772291, 1115411, 1284534]
items=1024 mode=sticky_discard raw_ns=[115892, 112967, 126940]
items=8192 mode=sticky_receive raw_ns=[178092796, 82100856, 97300511]
items=8192 mode=sticky_discard raw_ns=[8947908, 962014, 1210761]
