2026-10-10T06:36:08.2417224Z Current runner version: '2.337.0'
2026-10-10T06:36:08.2443113Z ##[group]Runner Image Provisioner
2026-10-10T06:36:08.2443986Z Hosted Compute Agent
2026-10-10T06:36:08.2444736Z Version: 20261002.596
2026-10-10T06:36:08.2445431Z Commit: c3d12f3313a95f25162a1503be624f3b0617f8c0
2026-10-10T06:36:08.2446186Z Build Date: 2026-10-02T22:28:27Z
2026-10-10T06:36:08.2446938Z Worker ID: {38a1e61c-f760-4de6-b1f0-8717980144ca}
2026-10-10T06:36:08.2447681Z Region: centralus
2026-10-10T06:36:08.2448654Z Cloud: Azure
2026-10-10T06:36:08.2449358Z ##[endgroup]
2026-10-10T06:36:08.2450951Z ##[group]Operating System
2026-10-10T06:36:08.2451691Z Ubuntu
2026-10-10T06:36:08.2452244Z 24.04.5
2026-10-10T06:36:08.2453151Z LTS
2026-10-10T06:36:08.2453787Z ##[endgroup]
2026-10-10T06:36:08.2454354Z ##[group]Runner Image
2026-10-10T06:36:08.2455007Z Image: ubuntu-24.04
2026-10-10T06:36:08.2455609Z Version: 20261004.327.1
2026-10-10T06:36:08.2456983Z Included Software: https://github.com/actions/runner-images/blob/ubuntu24/20261004.327/images/ubuntu/Ubuntu2404-Readme.md
2026-10-10T06:36:08.2458945Z Image Release: https://github.com/actions/runner-images/releases/tag/ubuntu24%2F20261004.327
2026-10-10T06:36:08.2460064Z ##[endgroup]
2026-10-10T06:36:08.2461289Z ##[group]GITHUB_TOKEN Permissions
2026-10-10T06:36:08.2463690Z Contents: read
2026-10-10T06:36:08.2464372Z Metadata: read
2026-10-10T06:36:08.2464964Z ##[endgroup]
2026-10-10T06:36:08.2467222Z Secret source: Actions
2026-10-10T06:36:08.2468638Z Cache mode: write
2026-10-10T06:36:08.2469906Z Prepare workflow directory
2026-10-10T06:36:08.2888608Z Prepare all required actions
2026-10-10T06:36:08.2960849Z Getting action download info
2026-10-10T06:36:08.5563973Z Download action repository 'actions/checkout@v4' (SHA:11d5960a326750d5838078e36cf38b85af677262)
2026-10-10T06:36:08.6584945Z Download action repository 'actions/setup-python@v5' (SHA:a26af69be951a213d495a4c3e4e4022e16d87065)
2026-10-10T06:36:08.8450394Z Complete job name: release-plan
2026-10-10T06:36:08.9257629Z ##[group]Run actions/checkout@v4
2026-10-10T06:36:08.9258896Z with:
2026-10-10T06:36:08.9259350Z   fetch-depth: 0
2026-10-10T06:36:08.9259831Z   repository: disnana/Nagi
2026-10-10T06:36:08.9263543Z   token: ***
2026-10-10T06:36:08.9263998Z   ssh-strict: true
2026-10-10T06:36:08.9264451Z   ssh-user: git
2026-10-10T06:36:08.9264906Z   persist-credentials: true
2026-10-10T06:36:08.9265402Z   clean: true
2026-10-10T06:36:08.9265859Z   sparse-checkout-cone-mode: true
2026-10-10T06:36:08.9266432Z   fetch-tags: false
2026-10-10T06:36:08.9266894Z   show-progress: true
2026-10-10T06:36:08.9267358Z   lfs: false
2026-10-10T06:36:08.9267788Z   submodules: false
2026-10-10T06:36:08.9268672Z   set-safe-directory: true
2026-10-10T06:36:08.9269236Z   allow-unsafe-pr-checkout: false
2026-10-10T06:36:08.9270099Z ##[endgroup]
2026-10-10T06:36:09.0334983Z Syncing repository: disnana/Nagi
2026-10-10T06:36:09.0337649Z ##[group]Getting Git version info
2026-10-10T06:36:09.0339063Z Working directory is '/home/runner/work/Nagi/Nagi'
2026-10-10T06:36:09.0340713Z [command]/usr/bin/git version
2026-10-10T06:36:09.0425972Z git version 2.55.0
2026-10-10T06:36:09.0455916Z ##[endgroup]
2026-10-10T06:36:09.0472752Z Temporarily overriding HOME='/home/runner/work/_temp/aa068a67-d3a1-4705-93ce-8604b03dd502' before making global git config changes
2026-10-10T06:36:09.0475000Z Adding repository directory to the temporary git global config as a safe directory
2026-10-10T06:36:09.0480137Z [command]/usr/bin/git config --global --add safe.directory /home/runner/work/Nagi/Nagi
2026-10-10T06:36:09.0535481Z Deleting the contents of '/home/runner/work/Nagi/Nagi'
2026-10-10T06:36:09.0546236Z ##[group]Initializing the repository
2026-10-10T06:36:09.0555460Z [command]/usr/bin/git init /home/runner/work/Nagi/Nagi
2026-10-10T06:36:09.0668637Z hint: Using 'master' as the name for the initial branch. This default branch name
2026-10-10T06:36:09.0670598Z hint: will change to "main" in Git 3.0. To configure the initial branch name
2026-10-10T06:36:09.0672693Z hint: to use in all of your new repositories, which will suppress this warning,
2026-10-10T06:36:09.0674846Z hint: call:
2026-10-10T06:36:09.0675634Z hint:
2026-10-10T06:36:09.0676401Z hint: 	git config --global init.defaultBranch <name>
2026-10-10T06:36:09.0677239Z hint:
2026-10-10T06:36:09.0678035Z hint: Names commonly chosen instead of 'master' are 'main', 'trunk' and
2026-10-10T06:36:09.0680215Z hint: 'development'. The just-created branch can be renamed via this command:
2026-10-10T06:36:09.0681404Z hint:
2026-10-10T06:36:09.0681882Z hint: 	git branch -m <name>
2026-10-10T06:36:09.0682811Z hint:
2026-10-10T06:36:09.0684041Z hint: Disable this message with "git config set advice.defaultBranchName false"
2026-10-10T06:36:09.0685107Z Initialized empty Git repository in /home/runner/work/Nagi/Nagi/.git/
2026-10-10T06:36:09.0687404Z [command]/usr/bin/git remote add origin https://github.com/disnana/Nagi
2026-10-10T06:36:09.0752289Z ##[endgroup]
2026-10-10T06:36:09.0753658Z ##[group]Disabling automatic garbage collection
2026-10-10T06:36:09.0757382Z [command]/usr/bin/git config --local gc.auto 0
2026-10-10T06:36:09.0797242Z ##[endgroup]
2026-10-10T06:36:09.0799050Z ##[group]Setting up auth
2026-10-10T06:36:09.0806802Z [command]/usr/bin/git config --local --name-only --get-regexp core\.sshCommand
2026-10-10T06:36:09.0856245Z [command]/usr/bin/git submodule foreach --recursive sh -c "git config --local --name-only --get-regexp 'core\.sshCommand' && git config --local --unset-all 'core.sshCommand' || :"
2026-10-10T06:36:09.1250507Z [command]/usr/bin/git config --local --name-only --get-regexp http\.https\:\/\/github\.com\/\.extraheader
2026-10-10T06:36:09.1293636Z [command]/usr/bin/git submodule foreach --recursive sh -c "git config --local --name-only --get-regexp 'http\.https\:\/\/github\.com\/\.extraheader' && git config --local --unset-all 'http.https://github.com/.extraheader' || :"
2026-10-10T06:36:09.1522489Z [command]/usr/bin/git config --local --name-only --get-regexp ^includeIf\.gitdir:
2026-10-10T06:36:09.1559273Z [command]/usr/bin/git submodule foreach --recursive git config --local --show-origin --name-only --get-regexp remote.origin.url
2026-10-10T06:36:09.1784199Z [command]/usr/bin/git config --local http.https://github.com/.extraheader AUTHORIZATION: basic ***
2026-10-10T06:36:09.1824646Z ##[endgroup]
2026-10-10T06:36:09.1825960Z ##[group]Fetching the repository
2026-10-10T06:36:09.1835295Z [command]/usr/bin/git -c protocol.version=2 fetch --prune --no-recurse-submodules origin +refs/heads/*:refs/remotes/origin/* +refs/tags/*:refs/tags/* +983929406c4193eb4f5af0bee420979dbf898896:refs/remotes/pull/106/merge
2026-10-10T06:36:10.5742189Z From https://github.com/disnana/Nagi
2026-10-10T06:36:10.5750883Z  * [new branch]      chore/remove-legacy-source-zip           -> origin/chore/remove-legacy-source-zip
2026-10-10T06:36:10.5753662Z  * [new branch]      ci/docs-only-checks                      -> origin/ci/docs-only-checks
2026-10-10T06:36:10.5756247Z  * [new branch]      ci/required-merge-checks                 -> origin/ci/required-merge-checks
2026-10-10T06:36:10.5759285Z  * [new branch]      design/compiler-rust-boundary-plan       -> origin/design/compiler-rust-boundary-plan
2026-10-10T06:36:10.5762071Z  * [new branch]      docs/contribution-security               -> origin/docs/contribution-security
2026-10-10T06:36:10.5765111Z  * [new branch]      docs/first-app-and-contributing          -> origin/docs/first-app-and-contributing
2026-10-10T06:36:10.5767824Z  * [new branch]      docs/http-capacity                       -> origin/docs/http-capacity
2026-10-10T06:36:10.5770680Z  * [new branch]      docs/jetbrains-012-released              -> origin/docs/jetbrains-012-released
2026-10-10T06:36:10.5773186Z  * [new branch]      docs/json-wire-behavior                  -> origin/docs/json-wire-behavior
2026-10-10T06:36:10.5776451Z  * [new branch]      docs/language-purpose-and-contracts      -> origin/docs/language-purpose-and-contracts
2026-10-10T06:36:10.5778823Z  * [new branch]      docs/library-samples                     -> origin/docs/library-samples
2026-10-10T06:36:10.5781154Z  * [new branch]      docs/python-guide-design-contracts       -> origin/docs/python-guide-design-contracts
2026-10-10T06:36:10.5783216Z  * [new branch]      docs/recovery-worker-correction          -> origin/docs/recovery-worker-correction
2026-10-10T06:36:10.5785249Z  * [new branch]      docs/security-foundation-020             -> origin/docs/security-foundation-020
2026-10-10T06:36:10.5787654Z  * [new branch]      docs/task-release-0.1.11-published       -> origin/docs/task-release-0.1.11-published
2026-10-10T06:36:10.5790772Z  * [new branch]      docs/value-task-implementation-plan      -> origin/docs/value-task-implementation-plan
2026-10-10T06:36:10.5792892Z  * [new branch]      feat/bilingual-pages-and-releases        -> origin/feat/bilingual-pages-and-releases
2026-10-10T06:36:10.5794909Z  * [new branch]      feat/development-agent-routing           -> origin/feat/development-agent-routing
2026-10-10T06:36:10.5796734Z  * [new branch]      feat/docs-website                        -> origin/feat/docs-website
2026-10-10T06:36:10.5799117Z  * [new branch]      feat/editor-inferred-types               -> origin/feat/editor-inferred-types
2026-10-10T06:36:10.5801503Z  * [new branch]      feat/editor-local-definitions            -> origin/feat/editor-local-definitions
2026-10-10T06:36:10.5804180Z  * [new branch]      feat/explicit-move-contract              -> origin/feat/explicit-move-contract
2026-10-10T06:36:10.5806454Z  * [new branch]      feat/http-stdlib                         -> origin/feat/http-stdlib
2026-10-10T06:36:10.5808760Z  * [new branch]      feat/jetbrains-nagi                      -> origin/feat/jetbrains-nagi
2026-10-10T06:36:10.5811007Z  * [new branch]      feat/jetbrains-release-pipeline          -> origin/feat/jetbrains-release-pipeline
2026-10-10T06:36:10.5812914Z  * [new branch]      feat/jetbrains-semantic-assistance       -> origin/feat/jetbrains-semantic-assistance
2026-10-10T06:36:10.5814834Z  * [new branch]      feat/jetbrains-unified                   -> origin/feat/jetbrains-unified
2026-10-10T06:36:10.5816149Z  * [new branch]      feat/module-imports                      -> origin/feat/module-imports
2026-10-10T06:36:10.5817520Z  * [new branch]      feat/native-supervisor                   -> origin/feat/native-supervisor
2026-10-10T06:36:10.5819487Z  * [new branch]      feat/runtime-usability                   -> origin/feat/runtime-usability
2026-10-10T06:36:10.5821015Z  * [new branch]      feat/security-foundation-sf01            -> origin/feat/security-foundation-sf01
2026-10-10T06:36:10.5822637Z  * [new branch]      feat/security-foundation-sf05            -> origin/feat/security-foundation-sf05
2026-10-10T06:36:10.5824395Z  * [new branch]      feat/sqlite-acquire-budget               -> origin/feat/sqlite-acquire-budget
2026-10-10T06:36:10.5827235Z  * [new branch]      feat/sqlite-multiconnection-observer     -> origin/feat/sqlite-multiconnection-observer
2026-10-10T06:36:10.5830383Z  * [new branch]      feat/sqlite-pool-adapter                 -> origin/feat/sqlite-pool-adapter
2026-10-10T06:36:10.5832805Z  * [new branch]      feat/sqlite-public-pool                  -> origin/feat/sqlite-public-pool
2026-10-10T06:36:10.5835518Z  * [new branch]      feat/sqlite-transaction-foundation       -> origin/feat/sqlite-transaction-foundation
2026-10-10T06:36:10.5838656Z  * [new branch]      feat/task-result-bridge-stage1           -> origin/feat/task-result-bridge-stage1
2026-10-10T06:36:10.5841386Z  * [new branch]      feat/task-service-result-propagation     -> origin/feat/task-service-result-propagation
2026-10-10T06:36:10.5844046Z  * [new branch]      feat/typed-errors                        -> origin/feat/typed-errors
2026-10-10T06:36:10.5846064Z  * [new branch]      fix/application-readiness                -> origin/fix/application-readiness
2026-10-10T06:36:10.5848445Z  * [new branch]      fix/backend-boundary-foundation          -> origin/fix/backend-boundary-foundation
2026-10-10T06:36:10.5851078Z  * [new branch]      fix/borrow-and-builtin-contracts         -> origin/fix/borrow-and-builtin-contracts
2026-10-10T06:36:10.5853781Z  * [new branch]      fix/build-generation-isolation           -> origin/fix/build-generation-isolation
2026-10-10T06:36:10.5856002Z  * [new branch]      fix/check-build-foundation               -> origin/fix/check-build-foundation
2026-10-10T06:36:10.5858576Z  * [new branch]      fix/check-consistency                    -> origin/fix/check-consistency
2026-10-10T06:36:10.5860291Z  * [new branch]      fix/compiler-contract-stability          -> origin/fix/compiler-contract-stability
2026-10-10T06:36:10.5861719Z  * [new branch]      fix/compiler-production-checks           -> origin/fix/compiler-production-checks
2026-10-10T06:36:10.5863102Z  * [new branch]      fix/custom-domain-assets                 -> origin/fix/custom-domain-assets
2026-10-10T06:36:10.5864455Z  * [new branch]      fix/diagnostic-consistency               -> origin/fix/diagnostic-consistency
2026-10-10T06:36:10.5865817Z  * [new branch]      fix/docs-readability-followup            -> origin/fix/docs-readability-followup
2026-10-10T06:36:10.5867185Z  * [new branch]      fix/docs-sidebar-preferences             -> origin/fix/docs-sidebar-preferences
2026-10-10T06:36:10.5868706Z  * [new branch]      fix/docs-usability                       -> origin/fix/docs-usability
2026-10-10T06:36:10.5869916Z  * [new branch]      fix/editor-indentation                   -> origin/fix/editor-indentation
2026-10-10T06:36:10.5871987Z  * [new branch]      fix/f32-literal-range                    -> origin/fix/f32-literal-range
2026-10-10T06:36:10.5874490Z  * [new branch]      fix/frontend-contracts-after-feedback    -> origin/fix/frontend-contracts-after-feedback
2026-10-10T06:36:10.5882095Z  * [new branch]      fix/http-request-wait-timeout            -> origin/fix/http-request-wait-timeout
2026-10-10T06:36:10.5883487Z  * [new branch]      fix/http413-ci-observation               -> origin/fix/http413-ci-observation
2026-10-10T06:36:10.5885075Z  * [new branch]      fix/installer-messages                   -> origin/fix/installer-messages
2026-10-10T06:36:10.5886351Z  * [new branch]      fix/installer-upgrades                   -> origin/fix/installer-upgrades
2026-10-10T06:36:10.5888029Z  * [new branch]      fix/iterator-borrow-check                -> origin/fix/iterator-borrow-check
2026-10-10T06:36:10.5889730Z  * [new branch]      fix/language-contract-hardening          -> origin/fix/language-contract-hardening
2026-10-10T06:36:10.5891988Z  * [new branch]      fix/language-contracts                   -> origin/fix/language-contracts
2026-10-10T06:36:10.5894371Z  * [new branch]      fix/language-readiness-next              -> origin/fix/language-readiness-next
2026-10-10T06:36:10.5896665Z  * [new branch]      fix/loop-ownership                       -> origin/fix/loop-ownership
2026-10-10T06:36:10.5898972Z  * [new branch]      fix/low-authoring                        -> origin/fix/low-authoring
2026-10-10T06:36:10.5901899Z  * [new branch]      fix/nagi-build-diagnostics               -> origin/fix/nagi-build-diagnostics
2026-10-10T06:36:10.5903435Z  * [new branch]      fix/output-type-checks                   -> origin/fix/output-type-checks
2026-10-10T06:36:10.5904878Z  * [new branch]      fix/owned-result-discard                 -> origin/fix/owned-result-discard
2026-10-10T06:36:10.5906304Z  * [new branch]      fix/ownership-contracts                  -> origin/fix/ownership-contracts
2026-10-10T06:36:10.5907791Z  * [new branch]      fix/ownership-field-moves                -> origin/fix/ownership-field-moves
2026-10-10T06:36:10.5910297Z  * [new branch]      fix/owning-view-flow                     -> origin/fix/owning-view-flow
2026-10-10T06:36:10.5912956Z  * [new branch]      fix/portable-release-installation        -> origin/fix/portable-release-installation
2026-10-10T06:36:10.5915644Z  * [new branch]      fix/post-release-readiness               -> origin/fix/post-release-readiness
2026-10-10T06:36:10.5918978Z  * [new branch]      fix/readiness-followups                  -> origin/fix/readiness-followups
2026-10-10T06:36:10.5920840Z  * [new branch]      fix/readiness-followups-main             -> origin/fix/readiness-followups-main
2026-10-10T06:36:10.5922379Z  * [new branch]      fix/release-created-id                   -> origin/fix/release-created-id
2026-10-10T06:36:10.5923844Z  * [new branch]      fix/release-draft-lookup                 -> origin/fix/release-draft-lookup
2026-10-10T06:36:10.5925352Z  * [new branch]      fix/release-runtime-cache                -> origin/fix/release-runtime-cache
2026-10-10T06:36:10.5926955Z  * [new branch]      fix/resolved-call-identifiers            -> origin/fix/resolved-call-identifiers
2026-10-10T06:36:10.5928906Z  * [new branch]      fix/runtime-and-ownership                -> origin/fix/runtime-and-ownership
2026-10-10T06:36:10.5931141Z  * [new branch]      fix/signed-minimum-literals              -> origin/fix/signed-minimum-literals
2026-10-10T06:36:10.5933202Z  * [new branch]      fix/source-filename-package              -> origin/fix/source-filename-package
2026-10-10T06:36:10.5935168Z  * [new branch]      fix/static-callback-views                -> origin/fix/static-callback-views
2026-10-10T06:36:10.5936798Z  * [new branch]      fix/static-callbacks-main                -> origin/fix/static-callbacks-main
2026-10-10T06:36:10.5938775Z  * [new branch]      fix/static-review-frontend-contracts     -> origin/fix/static-review-frontend-contracts
2026-10-10T06:36:10.5940628Z  * [new branch]      fix/task-conditional-consumption         -> origin/fix/task-conditional-consumption
2026-10-10T06:36:10.5942372Z  * [new branch]      fix/tasks-checkbox-error                 -> origin/fix/tasks-checkbox-error
2026-10-10T06:36:10.5944144Z  * [new branch]      fix/view-flow-foundation                 -> origin/fix/view-flow-foundation
2026-10-10T06:36:10.5945982Z  * [new branch]      fix/vscode-0.1.11-release-notes          -> origin/fix/vscode-0.1.11-release-notes
2026-10-10T06:36:10.5948325Z  * [new branch]      fix/vsix-package-metadata                -> origin/fix/vsix-package-metadata
2026-10-10T06:36:10.5950329Z  * [new branch]      fix/vsix-publisher                       -> origin/fix/vsix-publisher
2026-10-10T06:36:10.5951995Z  * [new branch]      main                                     -> origin/main
2026-10-10T06:36:10.5953967Z  * [new branch]      perf/actions-cache-and-parallel-builds   -> origin/perf/actions-cache-and-parallel-builds
2026-10-10T06:36:10.5956178Z  * [new branch]      refactor/checked-program-boundary        -> origin/refactor/checked-program-boundary
2026-10-10T06:36:10.5958656Z  * [new branch]      refactor/resource-contract-foundation    -> origin/refactor/resource-contract-foundation
2026-10-10T06:36:10.5960681Z  * [new branch]      release/0.1.8                            -> origin/release/0.1.8
2026-10-10T06:36:10.5962565Z  * [new branch]      release/core-and-vscode-polish           -> origin/release/core-and-vscode-polish
2026-10-10T06:36:10.5964530Z  * [new branch]      release/jetbrains-0.1.1                  -> origin/release/jetbrains-0.1.1
2026-10-10T06:36:10.5966443Z  * [new branch]      release/nagi-0.1.11                      -> origin/release/nagi-0.1.11
2026-10-10T06:36:10.5968574Z  * [new branch]      release/nagi-0.1.7-vscode-0.1.9          -> origin/release/nagi-0.1.7-vscode-0.1.9
2026-10-10T06:36:10.5970577Z  * [new branch]      test/task-spawn-post94                   -> origin/test/task-spawn-post94
2026-10-10T06:36:10.5972369Z  * [new tag]         jetbrains-v0.1.1                         -> jetbrains-v0.1.1
2026-10-10T06:36:10.5973984Z  * [new tag]         jetbrains-v0.1.2                         -> jetbrains-v0.1.2
2026-10-10T06:36:10.5975544Z  * [new tag]         nagi-v0.1.10                             -> nagi-v0.1.10
2026-10-10T06:36:10.5977058Z  * [new tag]         nagi-v0.1.11                             -> nagi-v0.1.11
2026-10-10T06:36:10.5978818Z  * [new tag]         nagi-v0.1.2                              -> nagi-v0.1.2
2026-10-10T06:36:10.5980364Z  * [new tag]         nagi-v0.1.3                              -> nagi-v0.1.3
2026-10-10T06:36:10.5982116Z  * [new tag]         nagi-v0.1.4                              -> nagi-v0.1.4
2026-10-10T06:36:10.5983633Z  * [new tag]         nagi-v0.1.5                              -> nagi-v0.1.5
2026-10-10T06:36:10.5985133Z  * [new tag]         nagi-v0.1.6                              -> nagi-v0.1.6
2026-10-10T06:36:10.5986631Z  * [new tag]         nagi-v0.1.7                              -> nagi-v0.1.7
2026-10-10T06:36:10.5988395Z  * [new tag]         nagi-v0.1.8                              -> nagi-v0.1.8
2026-10-10T06:36:10.5989973Z  * [new tag]         nagi-v0.1.9                              -> nagi-v0.1.9
2026-10-10T06:36:10.5991504Z  * [new tag]         vscode-v0.1.10                           -> vscode-v0.1.10
2026-10-10T06:36:10.5993076Z  * [new tag]         vscode-v0.1.12                           -> vscode-v0.1.12
2026-10-10T06:36:10.5995094Z  * [new tag]         vscode-v0.1.13                           -> vscode-v0.1.13
2026-10-10T06:36:10.5997476Z  * [new tag]         vscode-v0.1.8                            -> vscode-v0.1.8
2026-10-10T06:36:10.5999560Z  * [new tag]         vscode-v0.1.9                            -> vscode-v0.1.9
2026-10-10T06:36:10.6001137Z  * [new ref]         983929406c4193eb4f5af0bee420979dbf898896 -> pull/106/merge
2026-10-10T06:36:10.6004210Z ##[endgroup]
2026-10-10T06:36:10.6005529Z ##[group]Determining the checkout info
2026-10-10T06:36:10.6007034Z ##[endgroup]
2026-10-10T06:36:10.6007909Z [command]/usr/bin/git sparse-checkout disable
2026-10-10T06:36:10.6010654Z [command]/usr/bin/git config --local --unset-all extensions.worktreeConfig
2026-10-10T06:36:10.6013602Z ##[group]Checking out the ref
2026-10-10T06:36:10.6014991Z [command]/usr/bin/git checkout --progress --force refs/remotes/pull/106/merge
2026-10-10T06:36:10.8897173Z Note: switching to 'refs/remotes/pull/106/merge'.
2026-10-10T06:36:10.8898050Z 
2026-10-10T06:36:10.8899442Z You are in 'detached HEAD' state. You can look around, make experimental
2026-10-10T06:36:10.8981311Z changes and commit them, and you can discard any commits you make in this
2026-10-10T06:36:10.8982359Z state without impacting any branches by switching back to a branch.
2026-10-10T06:36:10.8982933Z 
2026-10-10T06:36:10.8983316Z If you want to create a new branch to retain commits you create, you may
2026-10-10T06:36:10.8984250Z do so (now or later) by using -c with the switch command. Example:
2026-10-10T06:36:10.8984840Z 
2026-10-10T06:36:10.8985035Z   git switch -c <new-branch-name>
2026-10-10T06:36:10.8985432Z 
2026-10-10T06:36:10.8985620Z Or undo this operation with:
2026-10-10T06:36:10.8985950Z 
2026-10-10T06:36:10.8986129Z   git switch -
2026-10-10T06:36:10.8986386Z 
2026-10-10T06:36:10.8986950Z Turn off this advice by setting config variable advice.detachedHead to false
2026-10-10T06:36:10.8988584Z 
2026-10-10T06:36:10.8989984Z HEAD is now at 9839294 Merge 5e992b6cd775912b6886c0b6763a4364642c5132 into 3b8da226eb26c27187f3b0bc4fa39639abe4ac57
2026-10-10T06:36:10.8993824Z ##[endgroup]
2026-10-10T06:36:10.8995509Z [command]/usr/bin/git log -1 --format=%H
2026-10-10T06:36:10.9011354Z 983929406c4193eb4f5af0bee420979dbf898896
2026-10-10T06:36:10.9337197Z ##[group]Run actions/setup-python@v5
2026-10-10T06:36:10.9337882Z with:
2026-10-10T06:36:10.9338652Z   python-version: 3.12
2026-10-10T06:36:10.9339194Z   check-latest: false
2026-10-10T06:36:10.9346696Z   token: ***
2026-10-10T06:36:10.9347165Z   update-environment: true
2026-10-10T06:36:10.9347750Z   allow-prereleases: false
2026-10-10T06:36:10.9348477Z   freethreaded: false
2026-10-10T06:36:10.9348994Z ##[endgroup]
2026-10-10T06:36:11.0743821Z ##[group]Installed versions
2026-10-10T06:36:11.0845566Z (node:2311) [DEP0040] DeprecationWarning: The `punycode` module is deprecated. Please use a userland alternative instead.
2026-10-10T06:36:11.0849147Z (Use `node --trace-deprecation ...` to show where the warning was created)
2026-10-10T06:36:11.0850814Z Successfully set up CPython (3.12.15)
2026-10-10T06:36:11.0852564Z ##[endgroup]
2026-10-10T06:36:11.1017475Z ##[group]Run python -m unittest discover -s scripts/releases -p 'test_*.py'
2026-10-10T06:36:11.1018806Z [36;1mpython -m unittest discover -s scripts/releases -p 'test_*.py'[0m
2026-10-10T06:36:11.1309792Z shell: /usr/bin/bash -e {0}
2026-10-10T06:36:11.1310253Z env:
2026-10-10T06:36:11.1310687Z   pythonLocation: /opt/hostedtoolcache/Python/3.12.15/x64
2026-10-10T06:36:11.1311321Z   PKG_CONFIG_PATH: /opt/hostedtoolcache/Python/3.12.15/x64/lib/pkgconfig
2026-10-10T06:36:11.1311925Z   Python_ROOT_DIR: /opt/hostedtoolcache/Python/3.12.15/x64
2026-10-10T06:36:11.1312451Z   Python2_ROOT_DIR: /opt/hostedtoolcache/Python/3.12.15/x64
2026-10-10T06:36:11.1312975Z   Python3_ROOT_DIR: /opt/hostedtoolcache/Python/3.12.15/x64
2026-10-10T06:36:11.1313501Z   LD_LIBRARY_PATH: /opt/hostedtoolcache/Python/3.12.15/x64/lib
2026-10-10T06:36:11.1313962Z ##[endgroup]
2026-10-10T06:36:19.3030792Z ..................................................................................................F.F..F............
2026-10-10T06:36:19.3031816Z ======================================================================
2026-10-10T06:36:19.3033078Z FAIL: test_a_backend_error_cannot_replace_a_nagi_query_diagnostic (test_verify.SqlDistributionVerificationTests.test_a_backend_error_cannot_replace_a_nagi_query_diagnostic)
2026-10-10T06:36:19.3034479Z ----------------------------------------------------------------------
2026-10-10T06:36:19.3035421Z AssertionError: SQL column error was accepted: SQL checked 1 literal queries; 0 runtime/unsupported sites
2026-10-10T06:36:19.3036067Z 
2026-10-10T06:36:19.3036077Z 
2026-10-10T06:36:19.3036364Z During handling of the above exception, another exception occurred:
2026-10-10T06:36:19.3036793Z 
2026-10-10T06:36:19.3036999Z Traceback (most recent call last):
2026-10-10T06:36:19.3044928Z   File "/home/runner/work/Nagi/Nagi/scripts/releases/test_verify.py", line 92, in test_a_backend_error_cannot_replace_a_nagi_query_diagnostic
2026-10-10T06:36:19.3046102Z     with self.assertRaisesRegex(AssertionError, "Cargo missing"):
2026-10-10T06:36:19.3046678Z          ^^^^^^^^^^^^^^^^^^^^^^^^^^^^^^^^^^^^^^^^^^^^^^^^^^^^^^^
2026-10-10T06:36:19.3047573Z AssertionError: "Cargo missing" does not match "SQL column error was accepted: SQL checked 1 literal queries; 0 runtime/unsupported sites
2026-10-10T06:36:19.3048834Z "
2026-10-10T06:36:19.3048992Z 
2026-10-10T06:36:19.3049164Z ======================================================================
2026-10-10T06:36:19.3050332Z FAIL: test_a_checker_that_misses_bind_count_mismatches_cannot_pass (test_verify.SqlDistributionVerificationTests.test_a_checker_that_misses_bind_count_mismatches_cannot_pass)
2026-10-10T06:36:19.3051566Z ----------------------------------------------------------------------
2026-10-10T06:36:19.3052377Z AssertionError: SQL column error was accepted: SQL checked 1 literal queries; 0 runtime/unsupported sites
2026-10-10T06:36:19.3052984Z 
2026-10-10T06:36:19.3052993Z 
2026-10-10T06:36:19.3053277Z During handling of the above exception, another exception occurred:
2026-10-10T06:36:19.3053690Z 
2026-10-10T06:36:19.3053851Z Traceback (most recent call last):
2026-10-10T06:36:19.3054887Z   File "/home/runner/work/Nagi/Nagi/scripts/releases/test_verify.py", line 83, in test_a_checker_that_misses_bind_count_mismatches_cannot_pass
2026-10-10T06:36:19.3055974Z     with self.assertRaisesRegex(AssertionError, "bind error was accepted"):
2026-10-10T06:36:19.3056586Z          ^^^^^^^^^^^^^^^^^^^^^^^^^^^^^^^^^^^^^^^^^^^^^^^^^^^^^^^^^^^^^^^^^
2026-10-10T06:36:19.3057607Z AssertionError: "bind error was accepted" does not match "SQL column error was accepted: SQL checked 1 literal queries; 0 runtime/unsupported sites
2026-10-10T06:36:19.3058988Z "
2026-10-10T06:36:19.3059131Z 
2026-10-10T06:36:19.3059303Z ======================================================================
2026-10-10T06:36:19.3060880Z FAIL: test_valid_engine_checks_the_schema_and_preserves_environment (test_verify.SqlDistributionVerificationTests.test_valid_engine_checks_the_schema_and_preserves_environment)
2026-10-10T06:36:19.3062310Z ----------------------------------------------------------------------
2026-10-10T06:36:19.3062826Z Traceback (most recent call last):
2026-10-10T06:36:19.3063908Z   File "/home/runner/work/Nagi/Nagi/scripts/releases/test_verify.py", line 49, in test_valid_engine_checks_the_schema_and_preserves_environment
2026-10-10T06:36:19.3064983Z     self.check(self.answer)
2026-10-10T06:36:19.3065646Z   File "/home/runner/work/Nagi/Nagi/scripts/releases/test_verify.py", line 44, in check
2026-10-10T06:36:19.3066464Z     verify.verify_sql(self.compiler, self.root, self.environment)
2026-10-10T06:36:19.3067310Z   File "/home/runner/work/Nagi/Nagi/scripts/releases/verify.py", line 394, in verify_sql
2026-10-10T06:36:19.3068432Z     assert result.returncode != 0, f"SQL {name} error was accepted: {result.stderr}"
2026-10-10T06:36:19.3069062Z            ^^^^^^^^^^^^^^^^^^^^^^
2026-10-10T06:36:19.3069785Z AssertionError: SQL column error was accepted: SQL checked 1 literal queries; 0 runtime/unsupported sites
2026-10-10T06:36:19.3070424Z 
2026-10-10T06:36:19.3070433Z 
2026-10-10T06:36:19.3070679Z ----------------------------------------------------------------------
2026-10-10T06:36:19.3071181Z Ran 116 tests in 7.753s
2026-10-10T06:36:19.3071399Z 
2026-10-10T06:36:19.3071526Z FAILED (failures=3)
2026-10-10T06:36:19.3072347Z Already published and verified; keeping existing assets: jetbrains-v0.1.8 (aaaaaaaaaaaaaaaaaaaaaaaaaaaaaaaaaaaaaaaa)
2026-10-10T06:36:19.3073520Z Verified formal release: jetbrains-v0.1.8 (aaaaaaaaaaaaaaaaaaaaaaaaaaaaaaaaaaaaaaaa)
2026-10-10T06:36:19.3074484Z Verified formal release: jetbrains-v0.1.8 (aaaaaaaaaaaaaaaaaaaaaaaaaaaaaaaaaaaaaaaa)
2026-10-10T06:36:19.3075406Z Verified formal release: vscode-v0.1.6 (aaaaaaaaaaaaaaaaaaaaaaaaaaaaaaaaaaaaaaaa)
2026-10-10T06:36:19.3076339Z Verified formal release: vscode-v0.1.6 (aaaaaaaaaaaaaaaaaaaaaaaaaaaaaaaaaaaaaaaa)
2026-10-10T06:36:19.3077282Z Verified formal release: vscode-v0.1.6 (aaaaaaaaaaaaaaaaaaaaaaaaaaaaaaaaaaaaaaaa)
2026-10-10T06:36:19.3078377Z Verified formal release: vscode-v0.1.6 (aaaaaaaaaaaaaaaaaaaaaaaaaaaaaaaaaaaaaaaa)
2026-10-10T06:36:19.3079282Z Verified formal release: nagi-v0.1.1 (aaaaaaaaaaaaaaaaaaaaaaaaaaaaaaaaaaaaaaaa)
2026-10-10T06:36:19.3080179Z Verified formal release: nagi-v0.2.1 (aaaaaaaaaaaaaaaaaaaaaaaaaaaaaaaaaaaaaaaa)
2026-10-10T06:36:19.3081336Z Already published and verified; keeping existing assets: vscode-v0.1.6 (aaaaaaaaaaaaaaaaaaaaaaaaaaaaaaaaaaaaaaaa)
2026-10-10T06:36:19.3082488Z Verified formal release: nagi-v0.1.8 (06aa33377fec3cc90742c88b022bd0948961dcf4)
2026-10-10T06:36:19.3083364Z Verified formal release: vscode-v0.1.10 (06aa33377fec3cc90742c88b022bd0948961dcf4)
2026-10-10T06:36:19.3084242Z Verified formal release: nagi-v0.1.8 (06aa33377fec3cc90742c88b022bd0948961dcf4)
2026-10-10T06:36:19.3085157Z Verified formal release: vscode-v0.1.10 (06aa33377fec3cc90742c88b022bd0948961dcf4)
2026-10-10T06:36:19.3085941Z Verified formal release: nagi-v0.1.8 (4acf0b2dba7a65adafd96aa7d770641e9656de6f)
2026-10-10T06:36:19.3086893Z Already published and verified; keeping existing assets: vscode-v0.1.10 (4acf0b2dba7a65adafd96aa7d770641e9656de6f)
2026-10-10T06:36:19.3087967Z Verified formal release: vscode-v0.1.10 (4acf0b2dba7a65adafd96aa7d770641e9656de6f)
2026-10-10T06:36:19.3089225Z Verified SQLite Pool/Tx: extracted runtime, High and independent saved Low, typed parameters, commit/rollback/close
2026-10-10T06:36:19.3090757Z Verified Task handles: extracted compiler/runtime, High/saved Low/handwritten Low, receive/discard, nested business Err, early ownership diagnostics
2026-10-10T06:36:19.3236038Z ##[error]Process completed with exit code 1.
2026-10-10T06:36:19.3413315Z Post job cleanup.
2026-10-10T06:36:19.4267715Z [command]/usr/bin/git version
2026-10-10T06:36:19.4314357Z git version 2.55.0
2026-10-10T06:36:19.4359260Z Temporarily overriding HOME='/home/runner/work/_temp/56d12961-222e-45b5-a918-a02fdf5e72b1' before making global git config changes
2026-10-10T06:36:19.4360988Z Adding repository directory to the temporary git global config as a safe directory
2026-10-10T06:36:19.4365877Z [command]/usr/bin/git config --global --add safe.directory /home/runner/work/Nagi/Nagi
2026-10-10T06:36:19.4407886Z [command]/usr/bin/git config --local --name-only --get-regexp core\.sshCommand
2026-10-10T06:36:19.4442960Z [command]/usr/bin/git submodule foreach --recursive sh -c "git config --local --name-only --get-regexp 'core\.sshCommand' && git config --local --unset-all 'core.sshCommand' || :"
2026-10-10T06:36:19.4701262Z [command]/usr/bin/git config --local --name-only --get-regexp http\.https\:\/\/github\.com\/\.extraheader
2026-10-10T06:36:19.4732328Z http.https://github.com/.extraheader
2026-10-10T06:36:19.4747135Z [command]/usr/bin/git config --local --unset-all http.https://github.com/.extraheader
2026-10-10T06:36:19.4789730Z [command]/usr/bin/git submodule foreach --recursive sh -c "git config --local --name-only --get-regexp 'http\.https\:\/\/github\.com\/\.extraheader' && git config --local --unset-all 'http.https://github.com/.extraheader' || :"
2026-10-10T06:36:19.5061855Z [command]/usr/bin/git config --local --name-only --get-regexp ^includeIf\.gitdir:
2026-10-10T06:36:19.5119695Z [command]/usr/bin/git submodule foreach --recursive git config --local --show-origin --name-only --get-regexp remote.origin.url
2026-10-10T06:36:19.5539090Z Evaluate and set job outputs
2026-10-10T06:36:19.5549944Z Cleaning up orphan processes
2026-10-10T06:36:19.5863722Z ##[warning]Node.js 20 is deprecated. The following actions target Node.js 20 but are being forced to run on Node.js 24: actions/checkout@v4, actions/setup-python@v5. For more information see: https://github.blog/changelog/2025-09-19-deprecation-of-node-20-on-github-actions-runners/
