    Blocking waiting for file lock on build directory
   Compiling nagic v0.1.10 (/tmp/nagi-task-conditional-consumption/compiler)
    Finished `test` profile [unoptimized] target(s) in 5.32s
     Running tests/constant_validation.rs (/tmp/nagi-container-flow-target/debug/deps/constant_validation-e415144214b996f6)

running 10 tests
test builtin_widening_uses_resolution_and_result_casts_remain_opaque ... ok
test binding_facts_follow_reassignment_scope_and_continuing_branch_joins ... ok
test compound_failures_are_checked_even_in_dead_branches_and_short_circuit_rhs ... ok
test loop_writes_kill_facts_before_conditions_and_respect_shadowed_counter_bindings ... ok
test profile_dependent_intermediates_are_not_folded_to_a_known_zero ... ok
test signed_minimum_division_and_remainder_are_static_failures_in_every_width ... ok
test typed_ast_errors_precede_new_constant_diagnostics ... ok
test compound_and_alias_zero_fail_after_type_check_in_all_widths_and_forms ... ok
test compound_diagnostics_identify_original_modules_before_cargo ... ok
test minimum_negation_and_integer_oracle_build_and_run_in_both_profiles ... ok

test result: ok. 10 passed; 0 failed; 0 ignored; 0 measured; 0 filtered out; finished in 0.55s

     Running tests/explicit_moves.rs (/tmp/nagi-container-flow-target/debug/deps/explicit_moves-af5cbb59f924bab1)

running 9 tests
test explicit_move_preserves_use_after_move_borrow_partial_move_and_loop_checks ... ok
test copy_inputs_keep_ordinary_assignment_and_move_expected_type_inference ... ok
test implicit_noncopy_local_assignments_fail_at_the_original_source_line ... ok
test move_keeps_typed_constant_failures_and_profile_dependent_overflow ... ok
test move_operation_rejects_arity_type_arguments_and_future_transfer ... ok
test moving_nested_view_containers_keeps_escape_and_temporary_rejections ... ok
test identity_moves_preserve_rhs_failure_drop_order_and_async_cancellation ... ok
test canonical_aliases_shadowing_and_transparent_values_run_in_all_three_sources ... ok
test identity_move_materializes_copy_values_and_keeps_bare_place_comparison_loans ... ok

test result: ok. 9 passed; 0 failed; 0 ignored; 0 measured; 0 filtered out; finished in 2.98s

     Running tests/task_handles.rs (/tmp/nagi-container-flow-target/debug/deps/task_handles-d0cc06a902147195)

running 8 tests
test canonical_task_metadata_survives_saved_low_and_user_task_names ... ok
test raw_check_registers_contextual_task_and_preserves_obligation ... ok
test task_conditional_consumption::always_evaluated_receipts_and_lazy_values_run_in_three_sources ... ok
test native_business_fault_cleanup_and_branch_contracts ... ok
test bounded_generated_task_paths_reach_native has been running for over 60 seconds
test positive_contracts_build_and_run_high_saved_and_handwritten_low has been running for over 60 seconds
test bounded_generated_task_paths_reach_native ... ok
test task_service::legacy_supervisor_terminal_and_normal_shutdown_reach_real_http ... ok
test task_service_s2::typed_monitor_preserves_service_errors_shutdown_and_parent_drop ... ok
