2026-10-06T15:39:38.9406702Z Current runner version: '2.337.0'
2026-10-06T15:39:38.9432023Z ##[group]Runner Image Provisioner
2026-10-06T15:39:38.9432928Z Hosted Compute Agent
2026-10-06T15:39:38.9433522Z Version: 20260901.588
2026-10-06T15:39:38.9434316Z Commit: f88ec8081b781fac6c440065ac7ff9e710ce3d0b
2026-10-06T15:39:38.9435075Z Build Date: 2026-09-01T19:56:44Z
2026-10-06T15:39:38.9435836Z Worker ID: {e354def1-b13e-4a71-8ca1-da35bc8dd3e8}
2026-10-06T15:39:38.9436617Z Azure Region: eastus2
2026-10-06T15:39:38.9437186Z ##[endgroup]
2026-10-06T15:39:38.9438711Z ##[group]Operating System
2026-10-06T15:39:38.9439364Z Ubuntu
2026-10-06T15:39:38.9439956Z 24.04.5
2026-10-06T15:39:38.9440534Z LTS
2026-10-06T15:39:38.9441438Z ##[endgroup]
2026-10-06T15:39:38.9442106Z ##[group]Runner Image
2026-10-06T15:39:38.9442772Z Image: ubuntu-24.04
2026-10-06T15:39:38.9443719Z Version: 20260927.320.1
2026-10-06T15:39:38.9445186Z Included Software: https://github.com/actions/runner-images/blob/ubuntu24/20260927.320/images/ubuntu/Ubuntu2404-Readme.md
2026-10-06T15:39:38.9446857Z Image Release: https://github.com/actions/runner-images/releases/tag/ubuntu24%2F20260927.320
2026-10-06T15:39:38.9447867Z ##[endgroup]
2026-10-06T15:39:38.9448999Z ##[group]GITHUB_TOKEN Permissions
2026-10-06T15:39:38.9451429Z Contents: read
2026-10-06T15:39:38.9452130Z Metadata: read
2026-10-06T15:39:38.9452760Z ##[endgroup]
2026-10-06T15:39:38.9454829Z Secret source: Actions
2026-10-06T15:39:38.9456513Z Cache mode: write
2026-10-06T15:39:38.9457831Z Prepare workflow directory
2026-10-06T15:39:38.9785045Z Prepare all required actions
2026-10-06T15:39:38.9832725Z Getting action download info
2026-10-06T15:39:39.2634679Z Download action repository 'actions/checkout@v4' (SHA:11d5960a326750d5838078e36cf38b85af677262)
2026-10-06T15:39:39.3700136Z Download action repository 'actions/setup-python@v5' (SHA:a26af69be951a213d495a4c3e4e4022e16d87065)
2026-10-06T15:39:39.4577030Z Download action repository 'actions/upload-artifact@v4' (SHA:ea165f8d65b6e75b540449e92b4886f43607fa02)
2026-10-06T15:39:39.6604856Z Complete job name: vscode-package
2026-10-06T15:39:39.7372556Z ##[group]Run actions/checkout@v4
2026-10-06T15:39:39.7373450Z with:
2026-10-06T15:39:39.7373909Z   repository: disnana/Nagi
2026-10-06T15:39:39.7377592Z   token: ***
2026-10-06T15:39:39.7378058Z   ssh-strict: true
2026-10-06T15:39:39.7378522Z   ssh-user: git
2026-10-06T15:39:39.7378987Z   persist-credentials: true
2026-10-06T15:39:39.7379481Z   clean: true
2026-10-06T15:39:39.7379939Z   sparse-checkout-cone-mode: true
2026-10-06T15:39:39.7380469Z   fetch-depth: 1
2026-10-06T15:39:39.7381107Z   fetch-tags: false
2026-10-06T15:39:39.7381577Z   show-progress: true
2026-10-06T15:39:39.7382040Z   lfs: false
2026-10-06T15:39:39.7382467Z   submodules: false
2026-10-06T15:39:39.7382921Z   set-safe-directory: true
2026-10-06T15:39:39.7383439Z   allow-unsafe-pr-checkout: false
2026-10-06T15:39:39.7384220Z ##[endgroup]
2026-10-06T15:39:39.8400335Z Syncing repository: disnana/Nagi
2026-10-06T15:39:39.8403479Z ##[group]Getting Git version info
2026-10-06T15:39:39.8404748Z Working directory is '/home/runner/work/Nagi/Nagi'
2026-10-06T15:39:39.8406543Z [command]/usr/bin/git version
2026-10-06T15:39:39.8501680Z git version 2.55.0
2026-10-06T15:39:39.8529900Z ##[endgroup]
2026-10-06T15:39:39.8548215Z Temporarily overriding HOME='/home/runner/work/_temp/c208323a-d02c-47c9-8353-dac14293fe96' before making global git config changes
2026-10-06T15:39:39.8551904Z Adding repository directory to the temporary git global config as a safe directory
2026-10-06T15:39:39.8559983Z [command]/usr/bin/git config --global --add safe.directory /home/runner/work/Nagi/Nagi
2026-10-06T15:39:39.8617477Z Deleting the contents of '/home/runner/work/Nagi/Nagi'
2026-10-06T15:39:39.8622372Z ##[group]Initializing the repository
2026-10-06T15:39:39.8627476Z [command]/usr/bin/git init /home/runner/work/Nagi/Nagi
2026-10-06T15:39:39.8758348Z hint: Using 'master' as the name for the initial branch. This default branch name
2026-10-06T15:39:39.8760167Z hint: will change to "main" in Git 3.0. To configure the initial branch name
2026-10-06T15:39:39.8762415Z hint: to use in all of your new repositories, which will suppress this warning,
2026-10-06T15:39:39.8764369Z hint: call:
2026-10-06T15:39:39.8765578Z hint:
2026-10-06T15:39:39.8766615Z hint: 	git config --global init.defaultBranch <name>
2026-10-06T15:39:39.8767792Z hint:
2026-10-06T15:39:39.8768959Z hint: Names commonly chosen instead of 'master' are 'main', 'trunk' and
2026-10-06T15:39:39.8770736Z hint: 'development'. The just-created branch can be renamed via this command:
2026-10-06T15:39:39.8772380Z hint:
2026-10-06T15:39:39.8773231Z hint: 	git branch -m <name>
2026-10-06T15:39:39.8774282Z hint:
2026-10-06T15:39:39.8775561Z hint: Disable this message with "git config set advice.defaultBranchName false"
2026-10-06T15:39:39.8777398Z Initialized empty Git repository in /home/runner/work/Nagi/Nagi/.git/
2026-10-06T15:39:39.8781353Z [command]/usr/bin/git remote add origin https://github.com/disnana/Nagi
2026-10-06T15:39:39.8826463Z ##[endgroup]
2026-10-06T15:39:39.8828042Z ##[group]Disabling automatic garbage collection
2026-10-06T15:39:39.8829426Z [command]/usr/bin/git config --local gc.auto 0
2026-10-06T15:39:39.8871946Z ##[endgroup]
2026-10-06T15:39:39.8873291Z ##[group]Setting up auth
2026-10-06T15:39:39.8878970Z [command]/usr/bin/git config --local --name-only --get-regexp core\.sshCommand
2026-10-06T15:39:39.8912806Z [command]/usr/bin/git submodule foreach --recursive sh -c "git config --local --name-only --get-regexp 'core\.sshCommand' && git config --local --unset-all 'core.sshCommand' || :"
2026-10-06T15:39:39.9341662Z [command]/usr/bin/git config --local --name-only --get-regexp http\.https\:\/\/github\.com\/\.extraheader
2026-10-06T15:39:39.9378379Z [command]/usr/bin/git submodule foreach --recursive sh -c "git config --local --name-only --get-regexp 'http\.https\:\/\/github\.com\/\.extraheader' && git config --local --unset-all 'http.https://github.com/.extraheader' || :"
2026-10-06T15:39:39.9629333Z [command]/usr/bin/git config --local --name-only --get-regexp ^includeIf\.gitdir:
2026-10-06T15:39:39.9667160Z [command]/usr/bin/git submodule foreach --recursive git config --local --show-origin --name-only --get-regexp remote.origin.url
2026-10-06T15:39:39.9917033Z [command]/usr/bin/git config --local http.https://github.com/.extraheader AUTHORIZATION: basic ***
2026-10-06T15:39:39.9968012Z ##[endgroup]
2026-10-06T15:39:39.9969737Z ##[group]Fetching the repository
2026-10-06T15:39:39.9979629Z [command]/usr/bin/git -c protocol.version=2 fetch --no-tags --prune --no-recurse-submodules --depth=1 origin +cff579d1a239726dff532dc83aaea44710038d91:refs/remotes/pull/88/merge
2026-10-06T15:39:41.2734034Z From https://github.com/disnana/Nagi
2026-10-06T15:39:41.2737096Z  * [new ref]         cff579d1a239726dff532dc83aaea44710038d91 -> pull/88/merge
2026-10-06T15:39:41.2744245Z ##[endgroup]
2026-10-06T15:39:41.2746711Z ##[group]Determining the checkout info
2026-10-06T15:39:41.2749631Z ##[endgroup]
2026-10-06T15:39:41.2751169Z [command]/usr/bin/git sparse-checkout disable
2026-10-06T15:39:41.2800017Z [command]/usr/bin/git config --local --unset-all extensions.worktreeConfig
2026-10-06T15:39:41.2832801Z ##[group]Checking out the ref
2026-10-06T15:39:41.2835422Z [command]/usr/bin/git checkout --progress --force refs/remotes/pull/88/merge
2026-10-06T15:39:41.4110718Z Note: switching to 'refs/remotes/pull/88/merge'.
2026-10-06T15:39:41.4112439Z 
2026-10-06T15:39:41.4113502Z You are in 'detached HEAD' state. You can look around, make experimental
2026-10-06T15:39:41.4116067Z changes and commit them, and you can discard any commits you make in this
2026-10-06T15:39:41.4118967Z state without impacting any branches by switching back to a branch.
2026-10-06T15:39:41.4120550Z 
2026-10-06T15:39:41.4121630Z If you want to create a new branch to retain commits you create, you may
2026-10-06T15:39:41.4123307Z do so (now or later) by using -c with the switch command. Example:
2026-10-06T15:39:41.4124259Z 
2026-10-06T15:39:41.4124671Z   git switch -c <new-branch-name>
2026-10-06T15:39:41.4125840Z 
2026-10-06T15:39:41.4126667Z Or undo this operation with:
2026-10-06T15:39:41.4127555Z 
2026-10-06T15:39:41.4128079Z   git switch -
2026-10-06T15:39:41.4128777Z 
2026-10-06T15:39:41.4129863Z Turn off this advice by setting config variable advice.detachedHead to false
2026-10-06T15:39:41.4131732Z 
2026-10-06T15:39:41.4133322Z HEAD is now at cff579d Merge 34ac4d585084877372965e3d58ed5c2002604529 into 9ba4a104be6f65dba61eda0c7b1ef0f98c892cf7
2026-10-06T15:39:41.4139111Z ##[endgroup]
2026-10-06T15:39:41.4176363Z [command]/usr/bin/git log -1 --format=%H
2026-10-06T15:39:41.4204312Z cff579d1a239726dff532dc83aaea44710038d91
2026-10-06T15:39:41.4669885Z ##[group]Run actions/setup-python@v5
2026-10-06T15:39:41.4671360Z with:
2026-10-06T15:39:41.4672252Z   python-version: 3.12
2026-10-06T15:39:41.4673285Z   check-latest: false
2026-10-06T15:39:41.4683340Z   token: ***
2026-10-06T15:39:41.4684305Z   update-environment: true
2026-10-06T15:39:41.4685411Z   allow-prereleases: false
2026-10-06T15:39:41.4686537Z   freethreaded: false
2026-10-06T15:39:41.4687561Z ##[endgroup]
2026-10-06T15:39:41.6077944Z ##[group]Installed versions
2026-10-06T15:39:41.6170008Z (node:2312) [DEP0040] DeprecationWarning: The `punycode` module is deprecated. Please use a userland alternative instead.
2026-10-06T15:39:41.6175399Z (Use `node --trace-deprecation ...` to show where the warning was created)
2026-10-06T15:39:41.6178944Z Successfully set up CPython (3.12.14)
2026-10-06T15:39:41.6181533Z ##[endgroup]
2026-10-06T15:39:41.6402478Z ##[group]Run python editors/vscode-nagi/scripts/package_vsix.py
2026-10-06T15:39:41.6405548Z [36;1mpython editors/vscode-nagi/scripts/package_vsix.py[0m
2026-10-06T15:39:41.6720055Z shell: /usr/bin/bash -e {0}
2026-10-06T15:39:41.6721485Z env:
2026-10-06T15:39:41.6722619Z   pythonLocation: /opt/hostedtoolcache/Python/3.12.14/x64
2026-10-06T15:39:41.6724494Z   PKG_CONFIG_PATH: /opt/hostedtoolcache/Python/3.12.14/x64/lib/pkgconfig
2026-10-06T15:39:41.6726382Z   Python_ROOT_DIR: /opt/hostedtoolcache/Python/3.12.14/x64
2026-10-06T15:39:41.6728097Z   Python2_ROOT_DIR: /opt/hostedtoolcache/Python/3.12.14/x64
2026-10-06T15:39:41.6729779Z   Python3_ROOT_DIR: /opt/hostedtoolcache/Python/3.12.14/x64
2026-10-06T15:39:41.6731833Z   LD_LIBRARY_PATH: /opt/hostedtoolcache/Python/3.12.14/x64/lib
2026-10-06T15:39:41.6733298Z ##[endgroup]
2026-10-06T15:39:41.8663019Z /home/runner/work/Nagi/Nagi/build/distribution/nagi-language-0.1.13.vsix
2026-10-06T15:39:41.8857843Z ##[group]Run python - <<'PY'
2026-10-06T15:39:41.8858986Z [36;1mpython - <<'PY'[0m
2026-10-06T15:39:41.8860011Z [36;1mimport hashlib, json, os[0m
2026-10-06T15:39:41.8861428Z [36;1mfrom pathlib import Path[0m
2026-10-06T15:39:41.8862614Z [36;1mfrom xml.etree import ElementTree[0m
2026-10-06T15:39:41.8863806Z [36;1mfrom zipfile import ZipFile[0m
2026-10-06T15:39:41.8865494Z [36;1mpath = Path('build/distribution') / f'nagi-language-{os.environ["RELEASE_VERSION"]}.vsix'[0m
2026-10-06T15:39:41.8867258Z [36;1mwith ZipFile(path) as archive:[0m
2026-10-06T15:39:41.8868485Z [36;1m    assert archive.testzip() is None[0m
2026-10-06T15:39:41.8869965Z [36;1m    package = json.loads(archive.read('extension/package.json'))[0m
2026-10-06T15:39:41.8872453Z [36;1m    identity = ElementTree.fromstring(archive.read('extension.vsixmanifest')).find('{*}Metadata/{*}Identity').attrib[0m
2026-10-06T15:39:41.8875017Z [36;1m    assert package['version'] == identity['Version'] == os.environ['RELEASE_VERSION'][0m
2026-10-06T15:39:41.8876852Z [36;1m    assert package['publisher'] == identity['Publisher'][0m
2026-10-06T15:39:41.8878292Z [36;1m    assert package['name'] == identity['Id'][0m
2026-10-06T15:39:41.8880488Z [36;1mpath.with_name(path.name + '.sha256').write_text(f'{hashlib.sha256(path.read_bytes()).hexdigest()}  {path.name}\n', encoding='utf-8')[0m
2026-10-06T15:39:41.8882924Z [36;1mPY[0m
2026-10-06T15:39:41.8949202Z shell: /usr/bin/bash -e {0}
2026-10-06T15:39:41.8950186Z env:
2026-10-06T15:39:41.8951372Z   pythonLocation: /opt/hostedtoolcache/Python/3.12.14/x64
2026-10-06T15:39:41.8953159Z   PKG_CONFIG_PATH: /opt/hostedtoolcache/Python/3.12.14/x64/lib/pkgconfig
2026-10-06T15:39:41.8954786Z   Python_ROOT_DIR: /opt/hostedtoolcache/Python/3.12.14/x64
2026-10-06T15:39:41.8956268Z   Python2_ROOT_DIR: /opt/hostedtoolcache/Python/3.12.14/x64
2026-10-06T15:39:41.8957747Z   Python3_ROOT_DIR: /opt/hostedtoolcache/Python/3.12.14/x64
2026-10-06T15:39:41.8959252Z   LD_LIBRARY_PATH: /opt/hostedtoolcache/Python/3.12.14/x64/lib
2026-10-06T15:39:41.8960543Z   RELEASE_VERSION: 0.1.13
2026-10-06T15:39:41.8961847Z ##[endgroup]
2026-10-06T15:39:41.9812266Z ##[group]Run actions/upload-artifact@v4
2026-10-06T15:39:41.9813488Z with:
2026-10-06T15:39:41.9814412Z   name: release-vscode
2026-10-06T15:39:41.9815715Z   path: build/distribution/*.vsix
build/distribution/*.vsix.sha256

2026-10-06T15:39:41.9817134Z   if-no-files-found: error
2026-10-06T15:39:41.9818148Z   compression-level: 6
2026-10-06T15:39:41.9819103Z   overwrite: false
2026-10-06T15:39:41.9820049Z   include-hidden-files: false
2026-10-06T15:39:41.9821303Z env:
2026-10-06T15:39:41.9822366Z   pythonLocation: /opt/hostedtoolcache/Python/3.12.14/x64
2026-10-06T15:39:41.9823993Z   PKG_CONFIG_PATH: /opt/hostedtoolcache/Python/3.12.14/x64/lib/pkgconfig
2026-10-06T15:39:41.9825621Z   Python_ROOT_DIR: /opt/hostedtoolcache/Python/3.12.14/x64
2026-10-06T15:39:41.9827096Z   Python2_ROOT_DIR: /opt/hostedtoolcache/Python/3.12.14/x64
2026-10-06T15:39:41.9828570Z   Python3_ROOT_DIR: /opt/hostedtoolcache/Python/3.12.14/x64
2026-10-06T15:39:41.9830097Z   LD_LIBRARY_PATH: /opt/hostedtoolcache/Python/3.12.14/x64/lib
2026-10-06T15:39:41.9831582Z ##[endgroup]
2026-10-06T15:39:42.1642119Z (node:2325) [DEP0040] DeprecationWarning: The `punycode` module is deprecated. Please use a userland alternative instead.
2026-10-06T15:39:42.1643654Z (Use `node --trace-deprecation ...` to show where the warning was created)
2026-10-06T15:39:42.1703240Z With the provided path, there will be 2 files uploaded
2026-10-06T15:39:42.1711837Z Artifact name is valid!
2026-10-06T15:39:42.1713981Z Root directory input is valid!
2026-10-06T15:39:42.3911068Z Beginning upload of artifact content to blob storage
2026-10-06T15:39:42.4134633Z (node:2325) [DEP0169] DeprecationWarning: `url.parse()` behavior is not standardized and prone to errors that have security implications. Use the WHATWG URL API instead. CVEs are not issued for `url.parse()` vulnerabilities.
2026-10-06T15:39:42.4336094Z Uploaded bytes 35308
2026-10-06T15:39:42.4475011Z Finished uploading artifact content to blob storage!
2026-10-06T15:39:42.4476552Z SHA256 digest of uploaded artifact zip is a84c8da95b68ab739195ab886d4b4d57e206a966253434ac57168b3158a29f1e
2026-10-06T15:39:42.4477882Z Finalizing artifact upload
2026-10-06T15:39:42.7052166Z Artifact release-vscode.zip successfully finalized. Artifact ID 11425350074
2026-10-06T15:39:42.7053070Z Artifact release-vscode has been successfully uploaded! Final size is 35308 bytes. Artifact ID is 11425350074
2026-10-06T15:39:42.7053983Z Artifact download URL: https://github.com/disnana/Nagi/actions/runs/37489343115/artifacts/11425350074
2026-10-06T15:39:42.7264076Z Post job cleanup.
2026-10-06T15:39:42.8469874Z (node:2337) [DEP0040] DeprecationWarning: The `punycode` module is deprecated. Please use a userland alternative instead.
2026-10-06T15:39:42.8471353Z (Use `node --trace-deprecation ...` to show where the warning was created)
2026-10-06T15:39:42.8727715Z Post job cleanup.
2026-10-06T15:39:42.9614511Z [command]/usr/bin/git version
2026-10-06T15:39:42.9659349Z git version 2.55.0
2026-10-06T15:39:42.9705066Z Temporarily overriding HOME='/home/runner/work/_temp/366d138a-6d86-4daa-b281-db0f577ba9d4' before making global git config changes
2026-10-06T15:39:42.9707146Z Adding repository directory to the temporary git global config as a safe directory
2026-10-06T15:39:42.9711335Z [command]/usr/bin/git config --global --add safe.directory /home/runner/work/Nagi/Nagi
2026-10-06T15:39:42.9752034Z [command]/usr/bin/git config --local --name-only --get-regexp core\.sshCommand
2026-10-06T15:39:42.9788245Z [command]/usr/bin/git submodule foreach --recursive sh -c "git config --local --name-only --get-regexp 'core\.sshCommand' && git config --local --unset-all 'core.sshCommand' || :"
2026-10-06T15:39:43.0047430Z [command]/usr/bin/git config --local --name-only --get-regexp http\.https\:\/\/github\.com\/\.extraheader
2026-10-06T15:39:43.0074056Z http.https://github.com/.extraheader
2026-10-06T15:39:43.0086049Z [command]/usr/bin/git config --local --unset-all http.https://github.com/.extraheader
2026-10-06T15:39:43.0123246Z [command]/usr/bin/git submodule foreach --recursive sh -c "git config --local --name-only --get-regexp 'http\.https\:\/\/github\.com\/\.extraheader' && git config --local --unset-all 'http.https://github.com/.extraheader' || :"
2026-10-06T15:39:43.0392838Z [command]/usr/bin/git config --local --name-only --get-regexp ^includeIf\.gitdir:
2026-10-06T15:39:43.0430385Z [command]/usr/bin/git submodule foreach --recursive git config --local --show-origin --name-only --get-regexp remote.origin.url
2026-10-06T15:39:43.0832798Z Cleaning up orphan processes
2026-10-06T15:39:43.1163239Z ##[warning]Node.js 20 is deprecated. The following actions target Node.js 20 but are being forced to run on Node.js 24: actions/checkout@v4, actions/setup-python@v5, actions/upload-artifact@v4. For more information see: https://github.blog/changelog/2025-09-19-deprecation-of-node-20-on-github-actions-runners/

