test_a_backend_error_cannot_replace_a_nagi_query_diagnostic (test_verify.SqlDistributionVerificationTests.test_a_backend_error_cannot_replace_a_nagi_query_diagnostic) ... ok
test_a_checker_that_accepts_the_bad_query_cannot_pass (test_verify.SqlDistributionVerificationTests.test_a_checker_that_accepts_the_bad_query_cannot_pass) ... ok
test_a_checker_that_misses_bind_count_mismatches_cannot_pass (test_verify.SqlDistributionVerificationTests.test_a_checker_that_misses_bind_count_mismatches_cannot_pass) ... ok
test_a_compiler_without_the_engine_cannot_pass_distribution_verification (test_verify.SqlDistributionVerificationTests.test_a_compiler_without_the_engine_cannot_pass_distribution_verification) ... ok
test_success_without_an_inspected_query_is_not_verification (test_verify.SqlDistributionVerificationTests.test_success_without_an_inspected_query_is_not_verification) ... ok
test_valid_engine_checks_the_schema_and_preserves_environment (test_verify.SqlDistributionVerificationTests.test_valid_engine_checks_the_schema_and_preserves_environment) ... ok
test_both_forms_use_the_bundled_runtime_after_high_removal (test_verify.SqlitePoolDistributionVerificationTests.test_both_forms_use_the_bundled_runtime_after_high_removal) ... ok
test_checkout_runtime_is_not_distribution_evidence (test_verify.SqlitePoolDistributionVerificationTests.test_checkout_runtime_is_not_distribution_evidence) ... ok
test_missing_native_effect_is_not_success (test_verify.SqlitePoolDistributionVerificationTests.test_missing_native_effect_is_not_success) ... ok
test_a_checker_accepting_pending_tasks_cannot_pass (test_verify.TaskDistributionVerificationTests.test_a_checker_accepting_pending_tasks_cannot_pass) ... ok
test_archive_task_gate_checks_three_source_forms_and_early_negatives (test_verify.TaskDistributionVerificationTests.test_archive_task_gate_checks_three_source_forms_and_early_negatives) ... ok
test_backend_rejection_cannot_replace_task_checker_evidence (test_verify.TaskDistributionVerificationTests.test_backend_rejection_cannot_replace_task_checker_evidence) ... ok
test_checkout_runtime_cannot_replace_the_bundled_task_runtime (test_verify.TaskDistributionVerificationTests.test_checkout_runtime_cannot_replace_the_bundled_task_runtime) ... ok
test_discarded_child_must_finish_before_scope_exit (test_verify.TaskDistributionVerificationTests.test_discarded_child_must_finish_before_scope_exit) ... ok
test_missing_business_result_is_not_a_successful_native_task_run (test_verify.TaskDistributionVerificationTests.test_missing_business_result_is_not_a_successful_native_task_run) ... ok
test_parser_rejection_does_not_prove_task_ownership (test_verify.TaskDistributionVerificationTests.test_parser_rejection_does_not_prove_task_ownership) ... ok
test_wrong_primary_line_does_not_prove_task_ownership (test_verify.TaskDistributionVerificationTests.test_wrong_primary_line_does_not_prove_task_ownership) ... ok

----------------------------------------------------------------------
Ran 17 tests in 0.026s

OK
