WARNING: A restricted method in java.lang.System has been called
WARNING: java.lang.System::load has been called by net.rubygrapefruit.platform.internal.NativeLibraryLoader in an unnamed module (file:/workspace/nagi-jetbrains-local-gradle/wrapper/dists/gradle-9.4.0-bin/lcvyxq3t37f6mx9miaydrrgs/gradle-9.4.0/lib/native-platform-0.22-milestone-29.jar)
WARNING: Use --enable-native-access=ALL-UNNAMED to avoid a warning for callers in this module
WARNING: Restricted methods will be blocked in a future release unless native access is enabled

To honour the JVM settings for this build a single-use Daemon process will be forked. For more on this, please refer to https://docs.gradle.org/9.4.0/userguide/gradle_daemon.html#sec:disabling_the_daemon in the Gradle documentation.
Daemon will be stopped at the end of the build 

> Task :verifyNagiJavaToolchain
Nagi Java compiler toolchain: task=compileJava expected=25 selected=25 source=21 target=21 release=21
Nagi Java compiler toolchain: task=compileTestJava expected=25 selected=25 source=21 target=21 release=21

> Task :compileJava
> Task :initializeIntellijPlatformPlugin
> Task :patchPluginXml UP-TO-DATE
> Task :processResources UP-TO-DATE
> Task :classes
> Task :generateManifest UP-TO-DATE
> Task :jar UP-TO-DATE

> Task :compileTestJava
Note: /workspace/Nagi-jetbrains-assistance/editors/jetbrains-nagi/src/test/java/com/disnana/nagi/NagiRunLineMarkerTest.java uses or overrides a deprecated API.
Note: Recompile with -Xlint:deprecation for details.

> Task :processTestResources UP-TO-DATE
> Task :testClasses
> Task :instrumentTestCode
> Task :instrumentCode UP-TO-DATE
> Task :instrumentedJar UP-TO-DATE
> Task :composedJar UP-TO-DATE
> Task :prepareTestSandbox UP-TO-DATE
> Task :prepareTest

> Task :test

NagiAssistServiceTest > testUnsavedSnapshotIsDebouncedAndCurrentResponseIsCached PASSED

[Incubating] Problems report is available at: file:///workspace/Nagi-jetbrains-assistance/editors/jetbrains-nagi/build/reports/problems/problems-report.html

BUILD SUCCESSFUL in 39s
15 actionable tasks: 6 executed, 9 up-to-date
Consider enabling configuration cache to speed up this build: https://docs.gradle.org/9.4.0/userguide/configuration_cache_enabling.html
