WARNING: A restricted method in java.lang.System has been called
WARNING: java.lang.System::load has been called by net.rubygrapefruit.platform.internal.NativeLibraryLoader in an unnamed module (file:/workspace/nagi-jetbrains-local-gradle/wrapper/dists/gradle-9.4.0-bin/lcvyxq3t37f6mx9miaydrrgs/gradle-9.4.0/lib/native-platform-0.22-milestone-29.jar)
WARNING: Use --enable-native-access=ALL-UNNAMED to avoid a warning for callers in this module
WARNING: Restricted methods will be blocked in a future release unless native access is enabled

To honour the JVM settings for this build a single-use Daemon process will be forked. For more on this, please refer to https://docs.gradle.org/9.4.0/userguide/gradle_daemon.html#sec:disabling_the_daemon in the Gradle documentation.
Daemon will be stopped at the end of the build 

> Task :verifyNagiJavaToolchain
Nagi Java compiler toolchain: task=compileJava expected=25 selected=25 source=21 target=21 release=21
Nagi Java compiler toolchain: task=compileTestJava expected=25 selected=25 source=21 target=21 release=21

> Task :compileJava
> Task :initializeIntellijPlatformPlugin
> Task :patchPluginXml UP-TO-DATE
> Task :processResources UP-TO-DATE
> Task :classes
> Task :generateManifest UP-TO-DATE
> Task :jar

> Task :compileTestJava
Note: /workspace/Nagi-jetbrains-assistance/editors/jetbrains-nagi/src/test/java/com/disnana/nagi/NagiRunLineMarkerTest.java uses or overrides a deprecated API.
Note: Recompile with -Xlint:deprecation for details.

> Task :processTestResources UP-TO-DATE
> Task :testClasses
> Task :instrumentTestCode
> Task :instrumentCode
> Task :instrumentedJar
> Task :composedJar
> Task :prepareTestSandbox
> Task :prepareTest

> Task :test

NagiAssistServiceTest > testRustVerbatimWindowsSourcePathsHaveTheSameIdeIdentity FAILED
    junit.framework.ComparisonFailure: expected:<[]C:/work/main.nagi> but was:<[//?/]C:/work/main.nagi>
        at junit.framework.Assert.assertEquals(Assert.java:100)
        at junit.framework.Assert.assertEquals(Assert.java:107)
        at junit.framework.TestCase.assertEquals(TestCase.java:260)
        at com.disnana.nagi.NagiAssistServiceTest.testRustVerbatimWindowsSourcePathsHaveTheSameIdeIdentity(NagiAssistServiceTest.java:65)

1 test completed, 1 failed

> Task :test FAILED

[Incubating] Problems report is available at: file:///workspace/Nagi-jetbrains-assistance/editors/jetbrains-nagi/build/reports/problems/problems-report.html

FAILURE: Build failed with an exception.

* What went wrong:
Execution failed for task ':test'.
> There were failing tests. See the report at: file:///workspace/Nagi-jetbrains-assistance/editors/jetbrains-nagi/build/reports/tests/test/index.html

* Try:
> Run with --scan to get full insights from a Build Scan (powered by Develocity).

BUILD FAILED in 33s
15 actionable tasks: 11 executed, 4 up-to-date
