   Compiling serde_core v1.0.229
   Compiling proc-macro2 v1.0.107
   Compiling shlex v2.0.1
   Compiling quote v1.0.47
   Compiling unicode-ident v1.0.26
   Compiling find-msvc-tools v0.1.14
   Compiling cc v1.5.1
   Compiling vcpkg v0.2.15
   Compiling pkg-config v0.3.34
   Compiling libsqlite3-sys v0.38.2
   Compiling zmij v1.0.23
   Compiling foldhash v0.2.0
   Compiling hashbrown v0.17.1
   Compiling syn v3.0.6
   Compiling serde v1.0.229
   Compiling serde_json v1.0.151
   Compiling winnow v1.0.4
   Compiling toml_parser v1.1.3+spec-1.1.0
   Compiling serde_derive v1.0.229
   Compiling hashlink v0.12.2
   Compiling serde_spanned v1.1.1
   Compiling toml_datetime v1.1.1+spec-1.1.0
   Compiling fallible-iterator v0.3.0
   Compiling bitflags v2.13.2
   Compiling fallible-streaming-iterator v0.1.9
   Compiling memchr v2.8.3
   Compiling itoa v1.0.18
   Compiling toml_writer v1.1.2+spec-1.1.0
   Compiling smallvec v1.16.2
   Compiling toml v1.1.6+spec-1.1.0
   Compiling rusqlite v0.40.2
   Compiling nagic v0.1.10 (/tmp/nagi-task-review/baseline/compiler)
    Finished `dev` profile [unoptimized] target(s) in 45.09s
     Running `/tmp/nagi-task-review-baseline-target/debug/nagic check /tmp/nagi-task-review/user-spawn-alias.nagi --out /tmp/nagi-task-review/out-baseline-spawn-alias`
checked /tmp/nagi-task-review/user-spawn-alias.nagi
