warning: unnecessary parentheses around function argument
 --> /tmp/nagi-explicit-move-proof/materialization/block.rs:8:168
  |
8 | ...rintln!("{:?}", *EVENTS.lock().unwrap()); read(({ String::from("Nagi").as_str() })); let pair=Pair{number:Some(3),text:String::fro...
  |                                                   ^                                 ^
  |
  = note: `#[warn(unused_parens)]` (part of `#[warn(unused)]`) on by default
help: remove these parentheses
  |
8 - fn main(){ let values=vec![Marker]; let count=({ values }).len(); assert_eq!(count,1); EVENTS.lock().unwrap().push(2); println!("{:?}", *EVENTS.lock().unwrap()); read(({ String::from("Nagi").as_str() })); let pair=Pair{number:Some(3),text:String::from("owner")}; assert!(({ pair.number }) == take(pair)); }
8 + fn main(){ let values=vec![Marker]; let count=({ values }).len(); assert_eq!(count,1); EVENTS.lock().unwrap().push(2); println!("{:?}", *EVENTS.lock().unwrap()); read({ String::from("Nagi").as_str() }); let pair=Pair{number:Some(3),text:String::from("owner")}; assert!(({ pair.number }) == take(pair)); }
  |

error[E0716]: temporary value dropped while borrowed
 --> /tmp/nagi-explicit-move-proof/materialization/block.rs:8:171
  |
8 | ....lock().unwrap()); read(({ String::from("Nagi").as_str() })); let pair=Pair{number:Some(3),text:String::from("owner")}; assert!(({...
  |                       ----    ^^^^^^^^^^^^^^^^^^^^        - temporary value is freed at the end of this statement
  |                       |       |
  |                       |       creates a temporary value which is freed while still in use
  |                       borrow later used by call
  |
  = note: consider using a `let` binding to create a longer lived value

error: aborting due to 1 previous error; 1 warning emitted

For more information about this error, try `rustc --explain E0716`.
