warning: unnecessary parentheses around function argument
 --> /tmp/nagi-explicit-move-proof/materialization/paren.rs:8:164
  |
8 | ... println!("{:?}", *EVENTS.lock().unwrap()); read((String::from("Nagi").as_str())); let pair=Pair{number:Some(3),text:String::from(...
  |                                                     ^                             ^
  |
  = note: `#[warn(unused_parens)]` (part of `#[warn(unused)]`) on by default
help: remove these parentheses
  |
8 - fn main(){ let values=vec![Marker]; let count=(values).len(); assert_eq!(count,1); EVENTS.lock().unwrap().push(2); println!("{:?}", *EVENTS.lock().unwrap()); read((String::from("Nagi").as_str())); let pair=Pair{number:Some(3),text:String::from("owner")}; assert!((pair.number) == take(pair)); }
8 + fn main(){ let values=vec![Marker]; let count=(values).len(); assert_eq!(count,1); EVENTS.lock().unwrap().push(2); println!("{:?}", *EVENTS.lock().unwrap()); read(String::from("Nagi").as_str()); let pair=Pair{number:Some(3),text:String::from("owner")}; assert!((pair.number) == take(pair)); }
  |

error[E0505]: cannot move out of `pair` because it is borrowed
 --> /tmp/nagi-explicit-move-proof/materialization/paren.rs:8:286
  |
8 | ... let pair=Pair{number:Some(3),text:String::from("owner")}; assert!((pair.number) == take(pair)); }
  |         ----                                                          -------------         ^^^^ move out of `pair` occurs here
  |         |                                                             |
  |         binding `pair` declared here                                  borrow of `pair.number` occurs here
  |
help: consider cloning the value if the performance cost is acceptable
  |
8 | fn main(){ let values=vec![Marker]; let count=(values).len(); assert_eq!(count,1); EVENTS.lock().unwrap().push(2); println!("{:?}", *EVENTS.lock().unwrap()); read((String::from("Nagi").as_str())); let pair=Pair{number:Some(3),text:String::from("owner")}; assert!((pair.number).clone() == take(pair)); }
  |                                                                                                                                                                                                                                                                                     ++++++++

error: aborting due to 1 previous error; 1 warning emitted

For more information about this error, try `rustc --explain E0505`.
