{
  "format": "nagi-cost-sites-v1",
  "functions": {
    "arrange": {
      "primitive_boxing": 0,
      "static_sites": [
        {
          "cost": "heap allocation; element boxing 0",
          "kind": "contiguous_list",
          "line": 7
        },
        {
          "cost": "runtime/input dependent; measure allocation counters",
          "kind": "copy",
          "line": 9
        },
        {
          "cost": "heap allocation; element boxing 0",
          "kind": "contiguous_list",
          "line": 10
        }
      ],
      "warning": "sites are not dynamic allocation counts; runtime and loop multiplicity excluded"
    },
    "main": {
      "primitive_boxing": 0,
      "static_sites": [],
      "warning": "sites are not dynamic allocation counts; runtime and loop multiplicity excluded"
    },
    "observe": {
      "primitive_boxing": 0,
      "static_sites": [],
      "warning": "sites are not dynamic allocation counts; runtime and loop multiplicity excluded"
    },
    "pause": {
      "primitive_boxing": 0,
      "static_sites": [],
      "warning": "sites are not dynamic allocation counts; runtime and loop multiplicity excluded"
    }
  }
}
   Compiling nagi-main-99afd7fa431ef73e v0.1.0 (/tmp/nagi-explicit-move-proof/cost-comparison/common/generated/.nagi/apps/nagi-main-99afd7fa431ef73e/generations/.staging-g-15bb5e-18dbe829320217dd-0)
    Finished `release` profile [optimized] target(s) in 0.17s
native: /tmp/nagi-explicit-move-proof/cost-comparison/common/generated/.nagi/apps/nagi-main-99afd7fa431ef73e/generations/g-15bb5e-18dbe829320217dd-0/nagi-99afd7fa431ef73e-g-15bb5e-18dbe829320217dd-0
