   Compiling nagi-runtime v0.1.10 (/workspace/Nagi-boundary-foundation/runtime)
    Finished `test` profile [unoptimized] target(s) in 5.95s
     Running unittests src/lib.rs (/tmp/nagi-container-flow-target/debug/deps/nagi_runtime-31f33a377cbf1a2a)

running 43 tests

thread 'nagi-sqlite-adapter' (1271107) panicked at runtime/src/sqlite_prototype/adapter_tests.rs:356:13:
adapter callback panic seam
note: run with `RUST_BACKTRACE=1` environment variable to display a backtrace
test sqlite_prototype::adapter_tests::cancelled_begin_reply_keeps_checkout_until_eof_rollback_is_observed ... ok
test sqlite_prototype::adapter_tests::cancelled_create_cannot_start_replacement_before_old_native_worker_joins ... ok

thread 'nagi-sqlite-adapter' (1271115) panicked at runtime/src/sqlite_prototype/adapter_tests.rs:356:13:
adapter callback panic seam
test sqlite_prototype::adapter_tests::acquired_deadpool_object_after_close_is_rejected_before_user_begin ... ok
test sqlite_prototype::adapter_tests::callback_panic_retires_pool_and_join_does_not_hide_native_close_failure ... ok
test sqlite_prototype::adapter_tests::cancelled_tx_keeps_deadpool_checkout_until_native_cleanup_completes ... ok
test sqlite_prototype::adapter_tests::cancelled_get_during_create_preserves_startup_close_and_join_owner ... ok
test sqlite_prototype::adapter_tests::close_waits_for_registered_create_and_late_create_cannot_begin ... ok
test sqlite_prototype::adapter_tests::deadpool_adapter_reuses_same_native_worker_and_sql_session_core ... ok
test sqlite_prototype::adapter_tests::close_clone_and_cancel_keep_closing_while_active_checkout_can_finish ... ok
test sqlite_prototype::adapter_tests::deadpool_recycle_error_stops_create_instead_of_default_replacement ... ok
test sqlite_prototype::adapter_tests::last_adapter_drop_closes_idle_worker_without_observer_owning_pool_or_tx_sender ... ok
test sqlite_prototype::adapter_tests::last_adapter_drop_preserves_active_tx_until_its_explicit_finish ... ok
test sqlite_prototype::adapter_tests::native_cleanup_failure_closes_deadpool_and_never_creates_replacement ... ok
test sqlite_prototype::adapter_tests::native_close_failure_is_kept_after_deadpool_objects_and_workers_are_gone ... ok
test sqlite_prototype::adapter_tests::resize_zero_uses_worker_drop_even_when_manager_detach_is_bypassed ... ok
test sqlite_prototype::adapter_tests::joined_is_published_only_after_terminal_native_failure_is_in_ledger ... ok
test sqlite_prototype::adapter_tests::object_take_and_last_pool_drop_both_preserve_native_close_join_observation ... ok
test sqlite_prototype::adapter_tests::stock_detach_permit_before_handle_drop_cannot_start_another_native_worker ... ok
test sqlite_prototype::adapter_tests::tokio_runtime_drop_cannot_return_native_owned_checkout_before_cleanup ... ok
test sqlite_prototype::adapter_tests::taken_object_cannot_start_replacement_before_old_native_worker_joins ... ok
test sqlite_prototype::tests::begin_reply_cancellation_closes_only_sender_and_runs_observed_cleanup ... ok
test sqlite_prototype::tests::cancelled_finish_before_full_inbox_admission_uses_eof_cleanup ... ok
test sqlite_prototype::tests::cancelled_commit_reply_preserves_committed_data_and_does_not_retry ... ok
test sqlite_prototype::tests::commit_failure_and_failed_cleanup_preserve_both_causes_and_unknown_outcome ... ok
test sqlite_prototype::tests::committed_outcome_and_cleanup_failure_are_both_preserved ... ok
test sqlite_prototype::tests::eof_cleanup_blocks_next_session_and_unpolled_finish_still_owns_cleanup ... ok
test sqlite_prototype::tests::close_timeout_and_cancel_keep_closing_until_native_close_and_join ... ok
test sqlite_prototype::tests::commit_after_native_auto_rollback_returns_aborted_error_instead_of_success ... ok
test sqlite_prototype::tests::failed_commit_with_successful_observed_rollback_can_reuse_connection ... ok

thread '<unnamed>' (1271207) panicked at runtime/src/sqlite_prototype/session.rs:774:29:
private management panic seam
test sqlite_prototype::tests::full_inbox_and_cancelled_admitted_operation_drain_before_eof_rollback ... ok
test sqlite_prototype::tests::management_panic_restores_raii_flag_before_observed_rollback_and_retirement ... ok
test sqlite_prototype::tests::native_close_failure_is_not_reported_as_success_even_after_join ... ok
test sqlite_prototype::tests::existing_trigger_and_or_rollback_abort_session_and_reject_later_sql ... ok
test sqlite_prototype::tests::ordinary_sql_error_does_not_abort_active_session_and_exec_counts_direct_changes ... ok
test sqlite_prototype::tests::owned_bind_values_and_decode_errors_use_native_row_contract ... ok
test sqlite_prototype::tests::one_statement_anonymous_bind_and_operation_shape_are_checked_before_step ... ok
test sqlite_prototype::tests::raise_fail_preserves_active_prior_effects_until_explicit_rollback ... ok
test sqlite_prototype::tests::rollback_failure_is_observed_without_native_drop_retry_and_retires_connection ... ok
test sqlite_prototype::tests::pragma_tvf_existing_views_and_schema_reprepare_keep_authorizer_installed ... ok

thread '<unnamed>' (1271241) panicked at runtime/src/sqlite_prototype/tests.rs:625:13:
private test callback panic
test sqlite_prototype::tests::user_callback_panic_restores_management_state_and_retires_worker ... ok
test sqlite_prototype::tests::trigger_pragma_is_denied_and_native_prior_effects_require_explicit_rollback ... ok
test sqlite_prototype::tests::sql_policy_denies_control_in_every_entry_and_keeps_tx_active ... ok
NAGI_SQLITE_COMPARISON {"adapter_native_health_and_join":true,"adapter_threads":"1 native worker + 1 pool reaper","batches":32,"deadpool":{"p50_ns":90907,"p95_ns":145689},"direct":{"p50_ns":88173,"p95_ns":141053},"direct_native_health_and_join":true,"direct_threads":"1 native worker + 1 join observer","scope":"private cfg(test) debug-profile, warm serial native session","sql":"SELECT 1 AS n","terminal":"rollback","transactions_per_batch_per_backend":128,"warmup_transactions_per_backend":8}
test sqlite_prototype::comparison::direct_and_deadpool_warm_native_session_comparison ... ok

test result: ok. 43 passed; 0 failed; 0 ignored; 0 measured; 129 filtered out; finished in 0.82s
