   Compiling nagic v0.1.10 (/workspace/Nagi/compiler)
    Finished `test` profile [unoptimized] target(s) in 1.04s
     Running tests/conformance.rs (/tmp/nagi-container-flow-target/debug/deps/conformance-d21a025c20876a2d)

running 6 tests
test batch_root_relocation_preserves_literals_raw_strings_and_comments ... ok
test failure_shrinking_preserves_the_checker_failure_instead_of_a_parse_error ... ok
test native_process_deadline_reaps_a_hanging_child ... ok
test explicit_move_corpus_reaches_native_execution ... ok
test backend_shrinking_does_not_turn_an_oracle_error_into_a_compiler_reproducer ... ok
test corpus_and_bounded_generated_contracts_reach_native_execution ... ok

test result: ok. 6 passed; 0 failed; 0 ignored; 0 measured; 0 filtered out; finished in 0.74s

     Running tests/explicit_moves.rs (/tmp/nagi-container-flow-target/debug/deps/explicit_moves-af5cbb59f924bab1)

running 9 tests
test explicit_move_preserves_use_after_move_borrow_partial_move_and_loop_checks ... ok
test copy_inputs_keep_ordinary_assignment_and_move_expected_type_inference ... ok
test implicit_noncopy_local_assignments_fail_at_the_original_source_line ... ok
test move_keeps_typed_constant_failures_and_profile_dependent_overflow ... ok
test move_operation_rejects_arity_type_arguments_and_future_transfer ... ok
test moving_nested_view_containers_keeps_escape_and_temporary_rejections ... ok
test identity_moves_preserve_rhs_failure_drop_order_and_async_cancellation ... ok
test canonical_aliases_shadowing_and_transparent_values_run_in_all_three_sources ... ok
test identity_move_materializes_copy_values_and_keeps_bare_place_comparison_loans ... ok

test result: ok. 9 passed; 0 failed; 0 ignored; 0 measured; 0 filtered out; finished in 2.72s

     Running tests/resource_contract_characterization.rs (/tmp/nagi-container-flow-target/debug/deps/resource_contract_characterization-7862471c9dfb5ecf)

running 4 tests
test registered_resources_match_the_independent_inventory ... ok
test registered_accessors_match_the_complete_inventory ... ok
test registered_constants_match_the_complete_inventory ... ok
test registered_operations_match_signatures_and_passing ... ok

test result: ok. 4 passed; 0 failed; 0 ignored; 0 measured; 0 filtered out; finished in 0.00s

     Running tests/scope_runtime_contract.rs (/tmp/nagi-container-flow-target/debug/deps/scope_runtime_contract-30a229b4c741cf3e)

running 1 test
test generated_scope_failure_and_cancellation_contract_runs_with_the_real_runtime has been running for over 60 seconds
test generated_scope_failure_and_cancellation_contract_runs_with_the_real_runtime ... ok

test result: ok. 1 passed; 0 failed; 0 ignored; 0 measured; 0 filtered out; finished in 159.36s

     Running tests/scoped_tasks.rs (/tmp/nagi-container-flow-target/debug/deps/scoped_tasks-208008cdb50d15c6)

running 5 tests
test moving_an_owned_argument_still_consumes_it_before_later_parent_work ... ok
test futures_that_still_hold_views_are_rejected_after_copying_containers ... ok
test scope_rejects_known_foreign_error_types_and_preserves_local_error_adapters ... ok
test copied_views_and_values_computed_from_views_can_enter_tasks ... ok
test spawn_evaluates_owned_arguments_before_parent_continues_and_keeps_sources ... ok

test result: ok. 5 passed; 0 failed; 0 ignored; 0 measured; 0 filtered out; finished in 0.20s

     Running tests/task_handles.rs (/tmp/nagi-container-flow-target/debug/deps/task_handles-d0cc06a902147195)

running 3 tests
test canonical_task_metadata_survives_saved_low_and_user_task_names ... ok
test native_business_fault_cleanup_and_branch_contracts ... ok
test positive_contracts_build_and_run_high_saved_and_handwritten_low ... ok

test result: ok. 3 passed; 0 failed; 0 ignored; 0 measured; 0 filtered out; finished in 26.59s

