2026-10-06T13:12:12.2561985Z ##[group]Run cargo test --locked -p nagi-runtime task_bridge_prototype::tests::
2026-10-06T13:12:12.2562627Z [36;1mcargo test --locked -p nagi-runtime task_bridge_prototype::tests::[0m
2026-10-06T13:12:12.2634050Z shell: C:\Program Files\PowerShell\7\pwsh.EXE -command ". '{0}'"
2026-10-06T13:12:12.2634412Z env:
2026-10-06T13:12:12.2634667Z   NAGI_FAILURE_DIR: D:\a\Nagi\Nagi/build/compiler-failures
2026-10-06T13:12:12.2635022Z   CARGO_HOME: C:\Users\runneradmin\.cargo
2026-10-06T13:12:12.2635297Z   CARGO_INCREMENTAL: 0
2026-10-06T13:12:12.2635509Z   CARGO_TERM_COLOR: always
2026-10-06T13:12:12.2635827Z   pythonLocation: C:\hostedtoolcache\windows\Python\3.12.10\x64
2026-10-06T13:12:12.2636284Z   PKG_CONFIG_PATH: C:\hostedtoolcache\windows\Python\3.12.10\x64/lib/pkgconfig
2026-10-06T13:12:12.2636747Z   Python_ROOT_DIR: C:\hostedtoolcache\windows\Python\3.12.10\x64
2026-10-06T13:12:12.2637154Z   Python2_ROOT_DIR: C:\hostedtoolcache\windows\Python\3.12.10\x64
2026-10-06T13:12:12.2637603Z   Python3_ROOT_DIR: C:\hostedtoolcache\windows\Python\3.12.10\x64
2026-10-06T13:12:12.2637929Z ##[endgroup]
2026-10-06T13:12:12.6894472Z [1m[92m   Compiling[0m nagi-runtime v0.1.10 (D:\a\Nagi\Nagi\runtime)
2026-10-06T13:12:36.1918208Z [1m[92m    Finished[0m `test` profile [unoptimized + debuginfo] target(s) in 23.62s
2026-10-06T13:12:36.1990132Z [1m[92m     Running[0m unittests src\lib.rs (target\debug\deps\nagi_runtime-1844b12ba3823293.exe)
2026-10-06T13:12:36.2114537Z 
2026-10-06T13:12:36.2115150Z running 16 tests
2026-10-06T13:12:36.2164365Z test task_bridge_prototype::tests::cancelled_drain_can_resume_after_child_drop_gate ... ok
2026-10-06T13:12:36.2168453Z test task_bridge_prototype::tests::discard_keeps_fault_and_legacy_error_observation ... ok
2026-10-06T13:12:36.2169989Z test task_bridge_prototype::tests::fault_return_waits_for_requested_sibling_cleanup_and_actual_join ... ok
2026-10-06T13:12:36.2187868Z test task_bridge_prototype::tests::heterogeneous_results_and_business_error_keep_sibling_healthy ... ok
2026-10-06T13:12:36.2189516Z test task_bridge_prototype::tests::parent_drop_requests_abort_but_does_not_report_child_destruction_complete ... ok
2026-10-06T13:12:36.2191138Z test task_bridge_prototype::tests::legacy_structured_cause_preserves_kind_message_and_primary_after_later_fault ... ok
2026-10-06T13:12:36.2192774Z test task_bridge_prototype::tests::fake_native_id_reuse_does_not_mix_unreceived_tickets_and_retire_records ... ok
2026-10-06T13:12:36.2206065Z test task_bridge_prototype::tests::received_fault_remains_sticky_at_scope_exit ... ok
2026-10-06T13:12:36.2207967Z test task_bridge_prototype::tests::payload_drop_locations_distinguish_failed_send_buffer_and_received_value ... ok
2026-10-06T13:12:36.2209621Z test task_bridge_prototype::tests::receiver_notification_cannot_replace_actual_join ... ok
2026-10-06T13:12:36.2210949Z test task_bridge_prototype::tests::requested_cancel_does_not_hide_already_returned_legacy_error ... ok
2026-10-06T13:12:36.2219334Z test task_bridge_prototype::tests::spawn_after_fault_keeps_input_evaluation_and_actual_join_responsibility ... ok
2026-10-06T13:12:36.2222808Z test task_bridge_prototype::tests::target_other_than_first_join_and_body_error_primary_are_preserved ... ok
2026-10-06T13:12:36.2224800Z test task_bridge_prototype::tests::unpolled_and_pending_receive_drop_keep_scope_join_responsibility ... ok
2026-10-06T13:12:36.2226178Z test task_bridge_prototype::tests::requested_cancel_preserves_panic_and_unrequested_cancel_is_fault ... ok
2026-10-06T13:12:36.2227252Z test task_bridge_prototype::tests::wrong_owner_and_missing_output_are_protocol_errors_without_stolen_join ... ok
2026-10-06T13:12:36.2227970Z 
2026-10-06T13:12:36.2228993Z test result: ok. 16 passed; 0 failed; 0 ignored; 0 measured; 190 filtered out; finished in 0.01s
2026-10-06T13:12:36.2229588Z 
