    Checking itoa v1.0.18
    Checking serde_core v1.0.229
    Checking smallvec v1.16.2
    Checking foldhash v0.2.0
    Checking hashbrown v0.17.1
    Checking zmij v1.0.23
    Checking memchr v2.8.3
    Checking libsqlite3-sys v0.38.2
    Checking hashlink v0.12.2
    Checking fallible-streaming-iterator v0.1.9
    Checking fallible-iterator v0.3.0
    Checking serde v1.0.229
    Checking serde_json v1.0.151
    Checking bitflags v2.13.2
    Checking rusqlite v0.40.2
    Checking winnow v1.0.4
    Checking toml_parser v1.1.3+spec-1.1.0
    Checking toml_datetime v1.1.1+spec-1.1.0
    Checking serde_spanned v1.1.1
    Checking toml_writer v1.1.2+spec-1.1.0
    Checking unicode-ident v1.0.26
    Checking libc v0.2.189
    Checking toml v1.1.6+spec-1.1.0
    Checking nagic v0.1.10 (/workspace/Nagi-task-handle-design-review/compiler)
    Checking bytes v1.12.1
    Checking pin-project-lite v0.2.17
    Checking errno v0.3.14
    Checking futures-core v0.3.34
    Checking signal-hook-registry v1.4.8
    Checking http v1.5.0
    Checking socket2 v0.6.5
    Checking mio v1.2.3
    Checking typenum v1.20.1
    Checking cfg-if v1.0.5
    Checking generic-array v0.14.7
    Checking tokio v1.53.1
    Checking getrandom v0.3.4
    Checking zerocopy v0.8.59
    Checking log v0.4.34
    Checking rand_core v0.9.5
    Checking httparse v1.10.1
    Checking block-buffer v0.10.4
    Checking crypto-common v0.1.7
    Checking http-body v1.1.0
    Checking once_cell v1.21.4
    Checking tracing-core v0.1.36
    Checking digest v0.10.7
    Checking futures-sink v0.3.34
    Checking tower-service v0.3.3
    Checking futures-task v0.3.34
    Checking ppv-lite86 v0.2.21
    Checking cpufeatures v0.2.17
    Checking slab v0.4.12
    Checking futures-util v0.3.34
    Checking rand_chacha v0.9.0
    Checking rand v0.9.5
    Checking sha1 v0.10.7
    Checking thiserror v2.0.21
    Checking tracing v0.1.44
    Checking futures-channel v0.3.34
    Checking data-encoding v2.11.1
    Checking atomic-waker v1.1.2
    Checking tower-layer v0.3.3
    Checking sync_wrapper v1.0.2
    Checking percent-encoding v2.3.2
    Checking httpdate v1.0.3
    Checking hyper v1.11.1
    Checking form_urlencoded v1.2.2
    Checking tungstenite v0.29.0
    Checking http-body-util v0.1.5
    Checking ryu v1.0.23
    Checking mime v0.3.17
    Checking serde_urlencoded v0.7.1
    Checking axum-core v0.5.6
    Checking tokio-tungstenite v0.29.0
    Checking hyper-util v0.1.21
    Checking tower v0.5.3
    Checking deadpool-runtime v0.3.1
    Checking serde_path_to_error v0.1.20
    Checking base64 v0.22.1
    Checking matchit v0.8.4
    Checking deadpool v0.13.1
    Checking axum v0.8.9
    Checking bumpalo v3.20.3
    Checking nagi-runtime v0.1.10 (/workspace/Nagi-task-handle-design-review/runtime)
    Finished `dev` profile [unoptimized] target(s) in 21.37s
