   Compiling nagi-runtime v0.1.10 (/workspace/Nagi-task-handle-design-review/runtime)
    Finished `test` profile [unoptimized] target(s) in 9.35s
     Running unittests src/lib.rs (/tmp/nagi-container-flow-target/debug/deps/nagi_runtime-31f33a377cbf1a2a)

running 16 tests
test task_bridge_prototype::tests::cancelled_drain_can_resume_after_child_drop_gate ... ok
test task_bridge_prototype::tests::discard_keeps_fault_and_legacy_error_observation ... ok
test task_bridge_prototype::tests::fake_native_id_reuse_does_not_mix_unreceived_tickets_and_retire_records ... ok
test task_bridge_prototype::tests::fault_return_waits_for_requested_sibling_cleanup_and_actual_join ... ok
test task_bridge_prototype::tests::parent_drop_requests_abort_but_does_not_report_child_destruction_complete ... ok
test task_bridge_prototype::tests::heterogeneous_results_and_business_error_keep_sibling_healthy ... ok
test task_bridge_prototype::tests::legacy_structured_cause_preserves_kind_message_and_primary_after_later_fault ... ok
test task_bridge_prototype::tests::requested_cancel_does_not_hide_already_returned_legacy_error ... ok
test task_bridge_prototype::tests::payload_drop_locations_distinguish_failed_send_buffer_and_received_value ... ok
test task_bridge_prototype::tests::received_fault_remains_sticky_at_scope_exit ... ok
test task_bridge_prototype::tests::receiver_notification_cannot_replace_actual_join ... ok
test task_bridge_prototype::tests::spawn_after_fault_keeps_input_evaluation_and_actual_join_responsibility ... ok
test task_bridge_prototype::tests::target_other_than_first_join_and_body_error_primary_are_preserved ... ok
test task_bridge_prototype::tests::unpolled_and_pending_receive_drop_keep_scope_join_responsibility ... ok
test task_bridge_prototype::tests::requested_cancel_preserves_panic_and_unrequested_cancel_is_fault ... ok
test task_bridge_prototype::tests::wrong_owner_and_missing_output_are_protocol_errors_without_stolen_join ... ok

test result: ok. 16 passed; 0 failed; 0 ignored; 0 measured; 190 filtered out; finished in 0.00s

