   Compiling serde_core v1.0.229
   Compiling proc-macro2 v1.0.107
   Compiling quote v1.0.47
   Compiling syn v3.0.6
   Compiling serde_json v1.0.151
   Compiling serde v1.0.229
   Compiling toml_datetime v1.1.1+spec-1.1.0
   Compiling serde_spanned v1.1.1
   Compiling memchr v2.8.3
   Compiling serde_derive v1.0.229
   Compiling smallvec v1.16.2
   Compiling rusqlite v0.40.2
   Compiling toml v1.1.6+spec-1.1.0
   Compiling nagic v0.1.10 (/workspace/Nagi-task-handle-design-review/compiler)
    Finished `test` profile [unoptimized] target(s) in 10.92s
     Running unittests examples/task-contract-red.rs (/tmp/nagi-container-flow-target/debug/examples/task_contract_red-687780b93d45236f)

running 3 tests
test tests::wrong_diagnostic_or_source_location_is_a_contract_failure ... ok
test tests::parse_or_resolve_rejection_cannot_satisfy_a_checker_contract ... ok
test tests::existing_checker_negative_preserves_original_fixture_location ... ok

test result: ok. 3 passed; 0 failed; 0 ignored; 0 measured; 0 filtered out; finished in 0.00s

