test_an_earlier_rust_change_is_not_hidden_by_the_last_plugin_commit (test_checks.ChangeTests.test_an_earlier_rust_change_is_not_hidden_by_the_last_plugin_commit) ... ok
test_cli_exports_both_check_plans_without_overwriting_other_outputs (test_checks.ChangeTests.test_cli_exports_both_check_plans_without_overwriting_other_outputs) ... ok
test_code_config_dependencies_and_unknown_paths_run_full_checks (test_checks.ChangeTests.test_code_config_dependencies_and_unknown_paths_run_full_checks) ... ok
test_code_deletion_runs_full_checks (test_checks.ChangeTests.test_code_deletion_runs_full_checks) ... ok
test_complete_docs_push_can_contain_multiple_commits (test_checks.ChangeTests.test_complete_docs_push_can_contain_multiple_commits) ... ok
test_docs_and_other_editors_skip_jetbrains (test_checks.ChangeTests.test_docs_and_other_editors_skip_jetbrains) ... ok
test_docs_and_site_files_skip_full_checks (test_checks.ChangeTests.test_docs_and_site_files_skip_full_checks) ... ok
test_docs_deletion_skips_full_checks (test_checks.ChangeTests.test_docs_deletion_skips_full_checks) ... ok
test_docs_directory_rename_checks_old_and_new_paths (test_checks.ChangeTests.test_docs_directory_rename_checks_old_and_new_paths) ... ok
test_docs_rename_within_docs_skips_full_checks (test_checks.ChangeTests.test_docs_rename_within_docs_skips_full_checks) ... ok
test_earlier_code_commit_is_not_hidden_by_last_docs_commit (test_checks.ChangeTests.test_earlier_code_commit_is_not_hidden_by_last_docs_commit) ... ok
test_empty_comparison_runs_full_checks (test_checks.ChangeTests.test_empty_comparison_runs_full_checks) ... ok
test_force_push_with_unrelated_history_runs_full_checks (test_checks.ChangeTests.test_force_push_with_unrelated_history_runs_full_checks) ... ok
test_git_failure_runs_full_checks (test_checks.ChangeTests.test_git_failure_runs_full_checks) ... ok
test_identical_docs_renamed_into_source_still_runs_full_checks (test_checks.ChangeTests.test_identical_docs_renamed_into_source_still_runs_full_checks) ... ok
test_identical_source_renamed_into_docs_still_runs_full_checks (test_checks.ChangeTests.test_identical_source_renamed_into_docs_still_runs_full_checks) ... ok
test_incomplete_git_output_runs_full_checks (test_checks.ChangeTests.test_incomplete_git_output_runs_full_checks) ... ok
test_jetbrains_and_docs_can_share_a_complete_range (test_checks.ChangeTests.test_jetbrains_and_docs_can_share_a_complete_range) ... ok
test_jetbrains_cannot_hide_code_shared_detection_or_other_editors (test_checks.ChangeTests.test_jetbrains_cannot_hide_code_shared_detection_or_other_editors) ... ok
test_jetbrains_deletion_is_checked_by_its_workflow (test_checks.ChangeTests.test_jetbrains_deletion_is_checked_by_its_workflow) ... ok
test_jetbrains_plugin_only_ranges_use_the_independent_checks (test_checks.ChangeTests.test_jetbrains_plugin_only_ranges_use_the_independent_checks) ... ok
test_jetbrains_workflow_and_compiler_check_inputs_require_both_checks (test_checks.ChangeTests.test_jetbrains_workflow_and_compiler_check_inputs_require_both_checks) ... ok
test_malformed_compiler_inputs_do_not_require_jetbrains_checks (test_checks.ChangeTests.test_malformed_compiler_inputs_do_not_require_jetbrains_checks) ... ok
test_malformed_git_paths_cannot_disable_either_check_plan (test_checks.ChangeTests.test_malformed_git_paths_cannot_disable_either_check_plan) ... ok
test_malformed_path_inputs_are_not_normalized_into_docs (test_checks.ChangeTests.test_malformed_path_inputs_are_not_normalized_into_docs) ... ok
test_malformed_paths_and_siblings_are_not_jetbrains_paths (test_checks.ChangeTests.test_malformed_paths_and_siblings_are_not_jetbrains_paths) ... ok
test_manual_scheduled_and_unknown_events_run_full_checks (test_checks.ChangeTests.test_manual_scheduled_and_unknown_events_run_full_checks) ... ok
test_mixed_docs_and_code_run_full_checks (test_checks.ChangeTests.test_mixed_docs_and_code_run_full_checks) ... ok
test_new_branches_and_invalid_commit_ranges_run_full_checks (test_checks.ChangeTests.test_new_branches_and_invalid_commit_ranges_run_full_checks) ... ok
test_nul_paths_preserve_newlines_and_unicode (test_checks.ChangeTests.test_nul_paths_preserve_newlines_and_unicode) ... ok
test_pages_and_domain_cannot_hide_check_workflows_or_detection_changes (test_checks.ChangeTests.test_pages_and_domain_cannot_hide_check_workflows_or_detection_changes) ... ok
test_pages_and_domain_only_complete_ranges_skip_full_checks (test_checks.ChangeTests.test_pages_and_domain_only_complete_ranges_skip_full_checks) ... ok
test_plugin_and_core_changes_require_both_checks (test_checks.ChangeTests.test_plugin_and_core_changes_require_both_checks) ... ok
test_pr_merge_commit_compares_against_current_base (test_checks.ChangeTests.test_pr_merge_commit_compares_against_current_base) ... ok
test_renames_across_the_jetbrains_boundary_run_full_checks (test_checks.ChangeTests.test_renames_across_the_jetbrains_boundary_run_full_checks) ... ok
test_undecodable_git_path_runs_full_checks (test_checks.ChangeTests.test_undecodable_git_path_runs_full_checks) ... ok
test_docs_only_and_full_checks_require_the_planned_results (test_checks.GateTests.test_docs_only_and_full_checks_require_the_planned_results) ... ok
test_docs_skip_cannot_hide_failed_or_canceled_rust_job (test_checks.GateTests.test_docs_skip_cannot_hide_failed_or_canceled_rust_job) ... ok
test_failed_or_canceled_detection_cannot_make_checks_optional (test_checks.GateTests.test_failed_or_canceled_detection_cannot_make_checks_optional) ... ok
test_invalid_package_plans_are_rejected (test_checks.GateTests.test_invalid_package_plans_are_rejected) ... ok
test_jetbrains_checks_are_not_required_when_no_plugin_work_is_planned (test_checks.GateTests.test_jetbrains_checks_are_not_required_when_no_plugin_work_is_planned) ... ok
test_jetbrains_release_package_is_required_even_without_path_checks (test_checks.GateTests.test_jetbrains_release_package_is_required_even_without_path_checks) ... ok
test_missing_jobs_or_outputs_are_rejected (test_checks.GateTests.test_missing_jobs_or_outputs_are_rejected) ... ok
test_missing_or_malformed_check_plan_is_rejected (test_checks.GateTests.test_missing_or_malformed_check_plan_is_rejected) ... ok
test_missing_or_malformed_jetbrains_plan_is_rejected (test_checks.GateTests.test_missing_or_malformed_jetbrains_plan_is_rejected) ... ok
test_plugin_only_failures_cannot_pass_the_existing_merge_gate (test_checks.GateTests.test_plugin_only_failures_cannot_pass_the_existing_merge_gate) ... ok
test_release_plan_must_succeed (test_checks.GateTests.test_release_plan_must_succeed) ... ok
test_required_packages_cannot_fail_be_canceled_or_skipped (test_checks.GateTests.test_required_packages_cannot_fail_be_canceled_or_skipped) ... ok
test_required_rust_job_cannot_be_skipped (test_checks.GateTests.test_required_rust_job_cannot_be_skipped) ... ok
test_unplanned_packages_must_be_skipped (test_checks.GateTests.test_unplanned_packages_must_be_skipped) ... ok
test_unplanned_plugin_checks_must_be_skipped (test_checks.GateTests.test_unplanned_plugin_checks_must_be_skipped) ... ok
test_eap_descriptor_and_home_path_fixes_keep_plugin_version_and_verifier_checks (test_checks.JetBrainsBuildContractTests.test_eap_descriptor_and_home_path_fixes_keep_plugin_version_and_verifier_checks) ... ok
test_published_marketplace_destination_and_release_zip_fallback (test_checks.JetBrainsBuildContractTests.test_published_marketplace_destination_and_release_zip_fallback) ... ok
test_untrusted_project_fixture_disables_headless_trust_shortcut (test_checks.JetBrainsBuildContractTests.test_untrusted_project_fixture_disables_headless_trust_shortcut) ... ok
test_existing_pr_merge_gate_waits_for_the_reusable_plugin_workflow (test_checks.JetBrainsWorkflowTests.test_existing_pr_merge_gate_waits_for_the_reusable_plugin_workflow) ... ok
test_jetbrains_workflow_is_reusable_without_a_duplicate_main_push_run (test_checks.JetBrainsWorkflowTests.test_jetbrains_workflow_is_reusable_without_a_duplicate_main_push_run) ... ok
test_main_publish_waits_for_verified_jetbrains_and_preserves_other_linux_gates (test_checks.JetBrainsWorkflowTests.test_main_publish_waits_for_verified_jetbrains_and_preserves_other_linux_gates) ... ok
test_one_candidate_archive_passes_all_four_matrix_checks_before_package_upload (test_checks.JetBrainsWorkflowTests.test_one_candidate_archive_passes_all_four_matrix_checks_before_package_upload) ... ok
test_four_platform_job_runs_registry_and_native_resource_oracles (test_checks.ResourceCharacterizationWorkflowTests.test_four_platform_job_runs_registry_and_native_resource_oracles) ... ok
test_evaluator_rejects_unlisted_functions_and_expression_features (test_publish_conditions.PublishConditionTests.test_evaluator_rejects_unlisted_functions_and_expression_features) ... ok
test_failure_and_cancellation_of_any_required_or_unneeded_job_blocks_publish (test_publish_conditions.PublishConditionTests.test_failure_and_cancellation_of_any_required_or_unneeded_job_blocks_publish) ... ok
test_main_release_truth_table_covers_component_sets_gates_and_contexts (test_publish_conditions.PublishConditionTests.test_main_release_truth_table_covers_component_sets_gates_and_contexts) ... ok
test_release_plan_must_succeed_even_if_required_packages_succeeded (test_publish_conditions.PublishConditionTests.test_release_plan_must_succeed_even_if_required_packages_succeeded) ... ok

----------------------------------------------------------------------
Ran 63 tests in 7.085s

OK
