test_added_empty_directory_is_kept (test_install.ShellInstallTests.test_added_empty_directory_is_kept) ... ok
test_added_file_is_kept (test_install.ShellInstallTests.test_added_file_is_kept) ... ok
test_added_symlink_never_follows_or_removes_the_target (test_install.ShellInstallTests.test_added_symlink_never_follows_or_removes_the_target) ... ok
test_checksum_failure_never_executes_or_registers_the_payload (test_install.ShellInstallTests.test_checksum_failure_never_executes_or_registers_the_payload) ... ok
test_concurrent_installer_is_rejected_without_changing_the_active_version (test_install.ShellInstallTests.test_concurrent_installer_is_rejected_without_changing_the_active_version) ... ok
test_dangling_profile_link_is_not_replaced_on_failure (test_install.ShellInstallTests.test_dangling_profile_link_is_not_replaced_on_failure) ... ok
test_existing_command_is_not_overwritten (test_install.ShellInstallTests.test_existing_command_is_not_overwritten) ... ok
test_failed_download_or_activation_preserves_current_command_and_profile (test_install.ShellInstallTests.test_failed_download_or_activation_preserves_current_command_and_profile) ... ok
test_install_and_repeat_preserve_profile_and_existing_path (test_install.ShellInstallTests.test_install_and_repeat_preserve_profile_and_existing_path) ... ok
test_latest_cannot_resolve_to_vsix_prerelease_or_another_repository (test_install.ShellInstallTests.test_latest_cannot_resolve_to_vsix_prerelease_or_another_repository) ... ok
test_modified_runtime_is_kept (test_install.ShellInstallTests.test_modified_runtime_is_kept) ... ok
test_no_path_leaves_shell_configuration_untouched (test_install.ShellInstallTests.test_no_path_leaves_shell_configuration_untouched) ... ok
test_no_path_with_a_separator_prints_a_working_absolute_command (test_install.ShellInstallTests.test_no_path_with_a_separator_prints_a_working_absolute_command) ... ok
test_original_install_without_receipts_migrates (test_install.ShellInstallTests.test_original_install_without_receipts_migrates) ... ok
test_path_separator_in_bin_directory_preserves_the_previous_install (test_install.ShellInstallTests.test_path_separator_in_bin_directory_preserves_the_previous_install) ... ok
test_profile_failure_rolls_back_the_active_command (test_install.ShellInstallTests.test_profile_failure_rolls_back_the_active_command) ... ok
test_readonly_profile_failure_removes_lock_and_allows_a_later_update (test_install.ShellInstallTests.test_readonly_profile_failure_removes_lock_and_allows_a_later_update) ... ok
test_unavailable_old_archive_does_not_prevent_upgrade_or_delete_old_files (test_install.ShellInstallTests.test_unavailable_old_archive_does_not_prevent_upgrade_or_delete_old_files) ... ok
test_unsafe_archives_are_rejected_before_extraction_or_execution (test_install.ShellInstallTests.test_unsafe_archives_are_rejected_before_extraction_or_execution) ... ok
test_upgrade_repeat_and_explicit_downgrade_keep_only_the_selected_version (test_install.ShellInstallTests.test_upgrade_repeat_and_explicit_downgrade_keep_only_the_selected_version) ... ok
test_wrong_platform_metadata_is_rejected (test_install.ShellInstallTests.test_wrong_platform_metadata_is_rejected) ... ok
test_archive_reads_plugin_id_and_version_from_the_nested_jar (test_jetbrains_release.JetBrainsArchiveTests.test_archive_reads_plugin_id_and_version_from_the_nested_jar) ... ok
test_archive_rejects_wrong_plugin_id_version_and_corrupt_zip (test_jetbrains_release.JetBrainsArchiveTests.test_archive_rejects_wrong_plugin_id_version_and_corrupt_zip) ... ok
test_preparation_uses_one_common_name_and_checksum (test_jetbrains_release.JetBrainsArchiveTests.test_preparation_uses_one_common_name_and_checksum) ... ok
test_draft_common_asset_with_different_bytes_is_never_overwritten (test_jetbrains_release.JetBrainsPublicationTests.test_draft_common_asset_with_different_bytes_is_never_overwritten) ... ok
test_identical_published_common_release_is_idempotent (test_jetbrains_release.JetBrainsPublicationTests.test_identical_published_common_release_is_idempotent) ... ok
test_invalid_local_plugin_identity_stops_before_github_reads (test_jetbrains_release.JetBrainsPublicationTests.test_invalid_local_plugin_identity_stops_before_github_reads) ... ok
test_matching_draft_common_assets_are_kept (test_jetbrains_release.JetBrainsPublicationTests.test_matching_draft_common_assets_are_kept) ... ok
test_missing_common_archive_or_checksum_stops_before_release_mutation (test_jetbrains_release.JetBrainsPublicationTests.test_missing_common_archive_or_checksum_stops_before_release_mutation) ... ok
test_publish_requires_one_common_zip_and_checksum (test_jetbrains_release.JetBrainsPublicationTests.test_publish_requires_one_common_zip_and_checksum) ... ok
test_published_legacy_two_zip_release_is_never_rewritten (test_jetbrains_release.JetBrainsPublicationTests.test_published_legacy_two_zip_release_is_never_rewritten) ... ok
test_create_returns_the_api_identity_without_a_followup_lookup (test_release.GitHubProtocolTests.test_create_returns_the_api_identity_without_a_followup_lookup) ... ok
test_failed_write_is_not_treated_as_a_missing_read_result (test_release.GitHubProtocolTests.test_failed_write_is_not_treated_as_a_missing_read_result) ... ok
test_publication_patches_the_same_id_and_preserves_latest_selection (test_release.GitHubProtocolTests.test_publication_patches_the_same_id_and_preserves_latest_selection) ... ok
test_upload_uses_the_release_id_and_a_raw_binary_file (test_release.GitHubProtocolTests.test_upload_uses_the_release_id_and_a_raw_binary_file) ... ok
test_corrupt_uploaded_asset_keeps_the_release_draft (test_release.PublicationTests.test_corrupt_uploaded_asset_keeps_the_release_draft) ... ok
test_created_draft_can_be_published_before_it_appears_in_listing (test_release.PublicationTests.test_created_draft_can_be_published_before_it_appears_in_listing) ... ok
test_creation_response_without_draft_identity_stops_before_upload (test_release.PublicationTests.test_creation_response_without_draft_identity_stops_before_upload) ... ok
test_disappearing_release_cannot_be_published (test_release.PublicationTests.test_disappearing_release_cannot_be_published) ... ok
test_draft_can_be_found_after_the_first_release_page (test_release.PublicationTests.test_draft_can_be_found_after_the_first_release_page) ... ok
test_draft_retry_keeps_matching_assets_and_uploads_only_missing_files (test_release.PublicationTests.test_draft_retry_keeps_matching_assets_and_uploads_only_missing_files) ... ok
test_draft_with_different_asset_is_not_overwritten (test_release.PublicationTests.test_draft_with_different_asset_is_not_overwritten) ... ok
test_existing_tag_at_other_commit_is_never_changed (test_release.PublicationTests.test_existing_tag_at_other_commit_is_never_changed) ... ok
test_missing_macos_archive_stops_before_creating_a_release (test_release.PublicationTests.test_missing_macos_archive_stops_before_creating_a_release) ... ok
test_missing_or_invalid_published_asset_is_never_repaired_silently (test_release.PublicationTests.test_missing_or_invalid_published_asset_is_never_repaired_silently) ... ok
test_new_release_is_draft_until_assets_are_uploaded_and_verified (test_release.PublicationTests.test_new_release_is_draft_until_assets_are_uploaded_and_verified) ... ok
test_older_nagi_completion_cannot_replace_a_newer_latest_release (test_release.PublicationTests.test_older_nagi_completion_cannot_replace_a_newer_latest_release) ... ok
test_publication_must_be_confirmed_by_the_release_response (test_release.PublicationTests.test_publication_must_be_confirmed_by_the_release_response) ... ok
test_published_same_commit_is_idempotent_even_if_new_build_bytes_differ (test_release.PublicationTests.test_published_same_commit_is_idempotent_even_if_new_build_bytes_differ) ... ok
test_compiler_change_before_a_final_docs_commit_still_validates_nagi (test_release.ReleasePlanTests.test_compiler_change_before_a_final_docs_commit_still_validates_nagi) ... ok
test_compiler_runtime_and_cargo_changes_validate_only_nagi_without_releasing (test_release.ReleasePlanTests.test_compiler_runtime_and_cargo_changes_validate_only_nagi_without_releasing) ... ok
test_docs_only_does_not_package_or_release (test_release.ReleasePlanTests.test_docs_only_does_not_package_or_release) ... ok
test_downgrade_or_nonformal_version_is_rejected (test_release.ReleasePlanTests.test_downgrade_or_nonformal_version_is_rejected) ... ok
test_extension_code_and_packaging_changes_produce_only_a_vsix (test_release.ReleasePlanTests.test_extension_code_and_packaging_changes_produce_only_a_vsix) ... ok
test_extension_docs_and_tests_do_not_package (test_release.ReleasePlanTests.test_extension_docs_and_tests_do_not_package) ... ok
test_extension_version_does_not_release_compiler (test_release.ReleasePlanTests.test_extension_version_does_not_release_compiler) ... ok
test_initial_push_does_not_invent_release (test_release.ReleasePlanTests.test_initial_push_does_not_invent_release) ... ok
test_installer_and_uninstaller_only_changes_run_checks_without_releasing (test_release.ReleasePlanTests.test_installer_and_uninstaller_only_changes_run_checks_without_releasing) ... ok
test_jetbrains_artifact_changes_validate_without_publishing_an_unchanged_version (test_release.ReleasePlanTests.test_jetbrains_artifact_changes_validate_without_publishing_an_unchanged_version) ... ok
test_jetbrains_readme_and_test_only_changes_do_not_create_release_packages (test_release.ReleasePlanTests.test_jetbrains_readme_and_test_only_changes_do_not_create_release_packages) ... ok
test_jetbrains_version_bump_plans_only_the_jetbrains_release (test_release.ReleasePlanTests.test_jetbrains_version_bump_plans_only_the_jetbrains_release) ... ok
test_jetbrains_workflow_change_packages_only_the_plugin (test_release.ReleasePlanTests.test_jetbrains_workflow_change_packages_only_the_plugin) ... ok
test_multicommit_push_detects_all_three_versions_before_final_docs_commit (test_release.ReleasePlanTests.test_multicommit_push_detects_all_three_versions_before_final_docs_commit) ... ok
test_package_uses_committed_source_and_excludes_untracked_files (test_release.ReleasePlanTests.test_package_uses_committed_source_and_excludes_untracked_files) ... ok
test_pipeline_changes_verify_archives_without_publishing_unchanged_versions (test_release.ReleasePlanTests.test_pipeline_changes_verify_archives_without_publishing_unchanged_versions) ... ok
test_publisher_change_packages_the_extension_without_releasing (test_release.ReleasePlanTests.test_publisher_change_packages_the_extension_without_releasing) ... ok
test_root_docs_and_site_changes_do_not_package_or_release (test_release.ReleasePlanTests.test_root_docs_and_site_changes_do_not_package_or_release) ... ok
test_same_inputs_keep_identical_archives_across_clocks_and_directories (test_release.ReleasePlanTests.test_same_inputs_keep_identical_archives_across_clocks_and_directories) ... ok
test_generator_and_draft_update_use_structured_json_stdin (test_release_notes.NoteProtocolTests.test_generator_and_draft_update_use_structured_json_stdin) ... ok
test_component_history_and_immutable_source_determine_notes_and_generator_range (test_release_notes.ReleaseNotesTests.test_component_history_and_immutable_source_determine_notes_and_generator_range) ... ok
test_draft_notes_are_updated_and_read_back_while_matching_assets_are_kept (test_release_notes.ReleaseNotesTests.test_draft_notes_are_updated_and_read_back_while_matching_assets_are_kept) ... ok
test_draft_prerelease_and_nonformal_tags_cannot_be_the_previous_baseline (test_release_notes.ReleaseNotesTests.test_draft_prerelease_and_nonformal_tags_cannot_be_the_previous_baseline) ... ok
test_failed_draft_note_readback_prevents_upload_and_publication (test_release_notes.ReleaseNotesTests.test_failed_draft_note_readback_prevents_upload_and_publication) ... ok
test_fence_marker_with_info_is_code_content_and_not_a_closing_fence (test_release_notes.ReleaseNotesTests.test_fence_marker_with_info_is_code_content_and_not_a_closing_fence) ... ok
test_first_component_release_skips_generator_even_when_another_component_exists (test_release_notes.ReleaseNotesTests.test_first_component_release_skips_generator_even_when_another_component_exists) ... ok
test_generation_failure_stops_before_tag_or_draft_creation (test_release_notes.ReleaseNotesTests.test_generation_failure_stops_before_tag_or_draft_creation) ... ok
test_history_or_previous_tag_failure_stops_before_mutations (test_release_notes.ReleaseNotesTests.test_history_or_previous_tag_failure_stops_before_mutations) ... ok
test_jetbrains_notes_use_the_jetbrains_entry_and_previous_plugin_release (test_release_notes.ReleaseNotesTests.test_jetbrains_notes_use_the_jetbrains_entry_and_previous_plugin_release) ... ok
test_missing_changelog_file_fails_before_mutations (test_release_notes.ReleaseNotesTests.test_missing_changelog_file_fails_before_mutations) ... ok
test_missing_duplicate_empty_or_wrong_version_entry_fails_before_mutations (test_release_notes.ReleaseNotesTests.test_missing_duplicate_empty_or_wrong_version_entry_fails_before_mutations) ... ok
test_optional_date_and_fenced_heading_examples_preserve_the_exact_entry (test_release_notes.ReleaseNotesTests.test_optional_date_and_fenced_heading_examples_preserve_the_exact_entry) ... ok
test_previous_release_selection_reads_every_page (test_release_notes.ReleaseNotesTests.test_previous_release_selection_reads_every_page) ... ok
test_published_release_keeps_immutable_notes_without_source_or_history_reads (test_release_notes.ReleaseNotesTests.test_published_release_keeps_immutable_notes_without_source_or_history_reads) ... ok
test_vscode_uses_its_own_previous_formal_release (test_release_notes.ReleaseNotesTests.test_vscode_uses_its_own_previous_formal_release) ... ok
test_default_profile_candidates_include_old_shell_login_files (test_uninstall.ShellUninstallTests.test_default_profile_candidates_include_old_shell_login_files) ... ok
test_dry_run_preserves_every_installed_file_profile_and_command (test_uninstall.ShellUninstallTests.test_dry_run_preserves_every_installed_file_profile_and_command) ... ok
test_foreign_command_file_and_link_are_preserved (test_uninstall.ShellUninstallTests.test_foreign_command_file_and_link_are_preserved) ... ok
test_installer_lock_prevents_changes_and_is_preserved (test_uninstall.ShellUninstallTests.test_installer_lock_prevents_changes_and_is_preserved) ... ok
test_legacy_and_multiple_verified_versions_are_removed (test_uninstall.ShellUninstallTests.test_legacy_and_multiple_verified_versions_are_removed) ... ok
test_linked_profile_is_never_followed (test_uninstall.ShellUninstallTests.test_linked_profile_is_never_followed) ... ok
test_linked_root_or_ancestor_and_command_directory_are_rejected (test_uninstall.ShellUninstallTests.test_linked_root_or_ancestor_and_command_directory_are_rejected) ... ok
test_linked_version_preserves_external_release_tree (test_uninstall.ShellUninstallTests.test_linked_version_preserves_external_release_tree) ... ok
test_missing_install_does_not_create_directories (test_uninstall.ShellUninstallTests.test_missing_install_does_not_create_directories) ... ok
test_modified_added_hidden_empty_and_symlink_content_preserve_complete_tree (test_uninstall.ShellUninstallTests.test_modified_added_hidden_empty_and_symlink_content_preserve_complete_tree) ... ok
test_no_path_preserves_the_exact_profile_bytes (test_uninstall.ShellUninstallTests.test_no_path_preserves_the_exact_profile_bytes) ... ok
test_profile_removes_only_the_exact_matching_stanza_and_preserves_binary_profile (test_uninstall.ShellUninstallTests.test_profile_removes_only_the_exact_matching_stanza_and_preserves_binary_profile) ... ok
test_unavailable_corrupt_unsafe_and_mismatched_archive_preserve_tree (test_uninstall.ShellUninstallTests.test_unavailable_corrupt_unsafe_and_mismatched_archive_preserve_tree) ... ok
test_verified_uninstall_repeat_preserves_foreign_content_and_does_not_execute (test_uninstall.ShellUninstallTests.test_verified_uninstall_repeat_preserves_foreign_content_and_does_not_execute) ... ok
test_a_backend_error_cannot_replace_a_nagi_query_diagnostic (test_verify.SqlDistributionVerificationTests.test_a_backend_error_cannot_replace_a_nagi_query_diagnostic) ... ok
test_a_checker_that_accepts_the_bad_query_cannot_pass (test_verify.SqlDistributionVerificationTests.test_a_checker_that_accepts_the_bad_query_cannot_pass) ... ok
test_a_checker_that_misses_bind_count_mismatches_cannot_pass (test_verify.SqlDistributionVerificationTests.test_a_checker_that_misses_bind_count_mismatches_cannot_pass) ... ok
test_a_compiler_without_the_engine_cannot_pass_distribution_verification (test_verify.SqlDistributionVerificationTests.test_a_compiler_without_the_engine_cannot_pass_distribution_verification) ... ok
test_success_without_an_inspected_query_is_not_verification (test_verify.SqlDistributionVerificationTests.test_success_without_an_inspected_query_is_not_verification) ... ok
test_valid_engine_checks_the_schema_and_preserves_environment (test_verify.SqlDistributionVerificationTests.test_valid_engine_checks_the_schema_and_preserves_environment) ... ok
test_both_forms_use_the_bundled_runtime_after_high_removal (test_verify.SqlitePoolDistributionVerificationTests.test_both_forms_use_the_bundled_runtime_after_high_removal) ... ok
test_checkout_runtime_is_not_distribution_evidence (test_verify.SqlitePoolDistributionVerificationTests.test_checkout_runtime_is_not_distribution_evidence) ... ok
test_missing_native_effect_is_not_success (test_verify.SqlitePoolDistributionVerificationTests.test_missing_native_effect_is_not_success) ... ok
test_a_checker_accepting_pending_tasks_cannot_pass (test_verify.TaskDistributionVerificationTests.test_a_checker_accepting_pending_tasks_cannot_pass) ... ok
test_archive_task_gate_checks_three_source_forms_and_early_negatives (test_verify.TaskDistributionVerificationTests.test_archive_task_gate_checks_three_source_forms_and_early_negatives) ... ok
test_backend_rejection_cannot_replace_task_checker_evidence (test_verify.TaskDistributionVerificationTests.test_backend_rejection_cannot_replace_task_checker_evidence) ... ok
test_checkout_runtime_cannot_replace_the_bundled_task_runtime (test_verify.TaskDistributionVerificationTests.test_checkout_runtime_cannot_replace_the_bundled_task_runtime) ... ok
test_discarded_child_must_finish_before_scope_exit (test_verify.TaskDistributionVerificationTests.test_discarded_child_must_finish_before_scope_exit) ... ok
test_missing_business_result_is_not_a_successful_native_task_run (test_verify.TaskDistributionVerificationTests.test_missing_business_result_is_not_a_successful_native_task_run) ... ok
test_parser_rejection_does_not_prove_task_ownership (test_verify.TaskDistributionVerificationTests.test_parser_rejection_does_not_prove_task_ownership) ... ok
test_wrong_primary_line_does_not_prove_task_ownership (test_verify.TaskDistributionVerificationTests.test_wrong_primary_line_does_not_prove_task_ownership) ... ok
test_identical_sources_ignore_checkout_metadata_and_wall_clock (test_vsix_package.VsixPackagingTests.test_identical_sources_ignore_checkout_metadata_and_wall_clock) ... ok

----------------------------------------------------------------------
Ran 116 tests in 21.712s

OK
Already published and verified; keeping existing assets: jetbrains-v0.1.8 (aaaaaaaaaaaaaaaaaaaaaaaaaaaaaaaaaaaaaaaa)
Verified formal release: jetbrains-v0.1.8 (aaaaaaaaaaaaaaaaaaaaaaaaaaaaaaaaaaaaaaaa)
Verified formal release: jetbrains-v0.1.8 (aaaaaaaaaaaaaaaaaaaaaaaaaaaaaaaaaaaaaaaa)
Verified formal release: vscode-v0.1.6 (aaaaaaaaaaaaaaaaaaaaaaaaaaaaaaaaaaaaaaaa)
Verified formal release: vscode-v0.1.6 (aaaaaaaaaaaaaaaaaaaaaaaaaaaaaaaaaaaaaaaa)
Verified formal release: vscode-v0.1.6 (aaaaaaaaaaaaaaaaaaaaaaaaaaaaaaaaaaaaaaaa)
Verified formal release: vscode-v0.1.6 (aaaaaaaaaaaaaaaaaaaaaaaaaaaaaaaaaaaaaaaa)
Verified formal release: nagi-v0.1.1 (aaaaaaaaaaaaaaaaaaaaaaaaaaaaaaaaaaaaaaaa)
Verified formal release: nagi-v0.2.1 (aaaaaaaaaaaaaaaaaaaaaaaaaaaaaaaaaaaaaaaa)
Already published and verified; keeping existing assets: vscode-v0.1.6 (aaaaaaaaaaaaaaaaaaaaaaaaaaaaaaaaaaaaaaaa)
Verified formal release: nagi-v0.1.8 (00c9057b34e482e5ea945957be91ca0cb76cf7f0)
Verified formal release: vscode-v0.1.10 (00c9057b34e482e5ea945957be91ca0cb76cf7f0)
Verified formal release: nagi-v0.1.8 (00c9057b34e482e5ea945957be91ca0cb76cf7f0)
Verified formal release: vscode-v0.1.10 (00c9057b34e482e5ea945957be91ca0cb76cf7f0)
Verified formal release: nagi-v0.1.8 (f4495faf387df425aa38d3a09dda627047fd6460)
Already published and verified; keeping existing assets: vscode-v0.1.10 (f4495faf387df425aa38d3a09dda627047fd6460)
Verified formal release: vscode-v0.1.10 (f4495faf387df425aa38d3a09dda627047fd6460)
Verified SQL engine: extracted compiler, offline schema, bad columns/binds, Nagi locations, no Cargo/runtime
Verified SQLite Pool/Tx: extracted runtime, High and independent saved Low, typed parameters, commit/rollback/close
Verified Task handles: extracted compiler/runtime, High/saved Low/handwritten Low, receive/discard, nested business Err, early ownership diagnostics
